Archive member included to satisfy reference by file (symbol)

/Users/andrue/devkitPro/libctru/lib/libctru.a(gfx.o)
                              main.o (gfxInitDefault)
/Users/andrue/devkitPro/libctru/lib/libctru.a(console.o)
                              main.o (consoleInit)
/Users/andrue/devkitPro/libctru/lib/libctru.a(gx.o)
                              /Users/andrue/devkitPro/libctru/lib/libctru.a(gfx.o) (gxCmdBuf)
/Users/andrue/devkitPro/libctru/lib/libctru.a(hid.o)
                              main.o (hidScanInput)
/Users/andrue/devkitPro/libctru/lib/libctru.a(apt.o)
                              main.o (aptMainLoop)
/Users/andrue/devkitPro/libctru/lib/libctru.a(gspgpu.o)
                              /Users/andrue/devkitPro/libctru/lib/libctru.a(gfx.o) (gspInit)
/Users/andrue/devkitPro/libctru/lib/libctru.a(irrst.o)
                              /Users/andrue/devkitPro/libctru/lib/libctru.a(hid.o) (irrstScanInput)
/Users/andrue/devkitPro/libctru/lib/libctru.a(soc_connect.o)
                              main.o (connect)
/Users/andrue/devkitPro/libctru/lib/libctru.a(soc_socket.o)
                              main.o (socket)
/Users/andrue/devkitPro/libctru/lib/libctru.a(soc_inet_addr.o)
                              main.o (inet_addr)
/Users/andrue/devkitPro/libctru/lib/libctru.a(swkbd.o)
                              main.o (swkbdInit)
/Users/andrue/devkitPro/libctru/lib/libctru.a(utf8_to_utf16.o)
                              /Users/andrue/devkitPro/libctru/lib/libctru.a(swkbd.o) (utf8_to_utf16)
/Users/andrue/devkitPro/libctru/lib/libctru.a(decode_utf8.o)
                              /Users/andrue/devkitPro/libctru/lib/libctru.a(utf8_to_utf16.o) (decode_utf8)
/Users/andrue/devkitPro/libctru/lib/libctru.a(utf16_to_utf8.o)
                              /Users/andrue/devkitPro/libctru/lib/libctru.a(swkbd.o) (utf16_to_utf8)
/Users/andrue/devkitPro/libctru/lib/libctru.a(encode_utf8.o)
                              /Users/andrue/devkitPro/libctru/lib/libctru.a(utf16_to_utf8.o) (encode_utf8)
/Users/andrue/devkitPro/libctru/lib/libctru.a(encode_utf16.o)
                              /Users/andrue/devkitPro/libctru/lib/libctru.a(utf8_to_utf16.o) (encode_utf16)
/Users/andrue/devkitPro/libctru/lib/libctru.a(initArgv.o)
                              /Users/andrue/devkitPro/devkitARM/bin/../lib/gcc/arm-none-eabi/6.3.0/../../../../arm-none-eabi/lib/armv6k/fpu/3dsx_crt0.o (__system_argc)
/Users/andrue/devkitPro/libctru/lib/libctru.a(initSystem.o)
                              /Users/andrue/devkitPro/libctru/lib/libctru.a(apt.o) (__system_retAddr)
/Users/andrue/devkitPro/libctru/lib/libctru.a(svc.o)
                              /Users/andrue/devkitPro/libctru/lib/libctru.a(apt.o) (svcExitProcess)
/Users/andrue/devkitPro/libctru/lib/libctru.a(stack_adjust.o)
                              /Users/andrue/devkitPro/devkitARM/bin/../lib/gcc/arm-none-eabi/6.3.0/../../../../arm-none-eabi/lib/armv6k/fpu/3dsx_crt0.o (initSystem)
/Users/andrue/devkitPro/libctru/lib/libctru.a(default_font.bin.o)
                              /Users/andrue/devkitPro/libctru/lib/libctru.a(console.o) (default_font_bin)
/Users/andrue/devkitPro/libctru/lib/libctru.a(linear.o)
                              /Users/andrue/devkitPro/libctru/lib/libctru.a(gfx.o) (linearAlloc)
/Users/andrue/devkitPro/libctru/lib/libctru.a(mappable.o)
                              /Users/andrue/devkitPro/libctru/lib/libctru.a(gfx.o) (mappableAlloc)
/Users/andrue/devkitPro/libctru/lib/libctru.a(vram.o)
                              /Users/andrue/devkitPro/libctru/lib/libctru.a(gfx.o) (vramAlloc)
/Users/andrue/devkitPro/libctru/lib/libctru.a(thread.o)
                              /Users/andrue/devkitPro/libctru/lib/libctru.a(apt.o) (threadCreate)
/Users/andrue/devkitPro/libctru/lib/libctru.a(srv.o)
                              /Users/andrue/devkitPro/libctru/lib/libctru.a(apt.o) (srvInit)
/Users/andrue/devkitPro/libctru/lib/libctru.a(os.o)
                              /Users/andrue/devkitPro/libctru/lib/libctru.a(apt.o) (__ctru_speedup_config)
/Users/andrue/devkitPro/libctru/lib/libctru.a(env.o)
                              /Users/andrue/devkitPro/libctru/lib/libctru.a(irrst.o) (envGetHandle)
/Users/andrue/devkitPro/libctru/lib/libctru.a(synchronization.o)
                              /Users/andrue/devkitPro/libctru/lib/libctru.a(initSystem.o) (__sync_init)
/Users/andrue/devkitPro/libctru/lib/libctru.a(ptmsysm.o)
                              /Users/andrue/devkitPro/libctru/lib/libctru.a(os.o) (ptmSysmInit)
/Users/andrue/devkitPro/libctru/lib/libctru.a(soc_inet_aton.o)
                              /Users/andrue/devkitPro/libctru/lib/libctru.a(soc_inet_addr.o) (inet_aton)
/Users/andrue/devkitPro/libctru/lib/libctru.a(soc_common.o)
                              /Users/andrue/devkitPro/libctru/lib/libctru.a(soc_connect.o) (_net_convert_error)
/Users/andrue/devkitPro/libctru/lib/libctru.a(rbtree_find.o)
[...]
Memory Configuration

Name             Origin             Length             Attributes
*default*        0x0000000000000000 0xffffffffffffffff

Linker script and memory map

                0x0000000000100000                PROVIDE (__start__, 0x100000)
                0x0000000000100000                . = __start__

.text           0x0000000000100000    0x20580
 *(.crt0)
 .crt0          0x0000000000100000       0x94 /Users/andrue/devkitPro/devkitARM/bin/../lib/gcc/arm-none-eabi/6.3.0/../../../../arm-none-eabi/lib/armv6k/fpu/3dsx_crt0.o
                0x0000000000100000                _start
                0x0000000000100008                __service_ptr
                0x000000000010000c                __apt_appid
                0x0000000000100010                __heap_size
                0x0000000000100014                __linear_heap_size
                0x0000000000100018                __system_arglist
                0x000000000010001c                __system_runflags
 *(.init)
 .init          0x0000000000100094        0xc /Users/andrue/devkitPro/devkitARM/bin/../lib/gcc/arm-none-eabi/6.3.0/armv6k/fpu/crti.o
                0x0000000000100094                _init
 .init          0x00000000001000a0        0xc /Users/andrue/devkitPro/devkitARM/bin/../lib/gcc/arm-none-eabi/6.3.0/armv6k/fpu/crtn.o
                0x00000000001000ac                . = ALIGN (0x4)
 *(.text)
 .text          0x00000000001000ac       0x64 /Users/andrue/devkitPro/libctru/lib/libctru.a(stack_adjust.o)
                0x00000000001000ac                initSystem
                0x00000000001000f0                __ctru_exit
 .text          0x0000000000100110      0x240 /Users/andrue/devkitPro/devkitARM/bin/../lib/gcc/arm-none-eabi/6.3.0/armv6k/fpu/libgcc.a(_divsi3.o)
                0x0000000000100110                __aeabi_idiv
                0x0000000000100110                __divsi3
                0x0000000000100330                __aeabi_idivmod
 .text          0x0000000000100350        0x4 /Users/andrue/devkitPro/devkitARM/bin/../lib/gcc/arm-none-eabi/6.3.0/armv6k/fpu/libgcc.a(_dvmd_tls.o)
                0x0000000000100350                __aeabi_ldiv0
                0x0000000000100350                __aeabi_idiv0
 .text          0x0000000000100354       0x3c /Users/andrue/devkitPro/devkitARM/bin/../lib/gcc/arm-none-eabi/6.3.0/armv6k/fpu/libgcc.a(_aeabi_uldivmod.o)
                0x0000000000100354                __aeabi_uldivmod
 *fill*         0x0000000000100390       0x10 
 .text          0x00000000001003a0      0x390 /Users/andrue/devkitPro/devkitARM/bin/../lib/gcc/arm-none-eabi/6.3.0/../../../../arm-none-eabi/lib/armv6k/fpu/libg.a(lib_a-strcmp.o)
                0x00000000001003a8                strcmp
 .text          0x0000000000100730      0x20c /Users/andrue/devkitPro/devkitARM/bin/../lib/gcc/arm-none-eabi/6.3.0/armv6k/fpu/libgcc.a(_udivsi3.o)
                0x0000000000100730                __udivsi3
                0x0000000000100730                __aeabi_uidiv
                0x000000000010091c                __aeabi_uidivmod
 *(.text.*)
 .text.deregister_tm_clones
                0x000000000010093c       0x30 /Users/andrue/devkitPro/devkitARM/bin/../lib/gcc/arm-none-eabi/6.3.0/armv6k/fpu/crtbegin.o
 .text.register_tm_clones
                0x000000000010096c       0x38 /Users/andrue/devkitPro/devkitARM/bin/../lib/gcc/arm-none-eabi/6.3.0/armv6k/fpu/crtbegin.o
 .text.__do_global_dtors_aux
                0x00000000001009a4       0x44 /Users/andrue/devkitPro/devkitARM/bin/../lib/gcc/arm-none-eabi/6.3.0/armv6k/fpu/crtbegin.o
 .text.frame_dummy
                0x00000000001009e8       0x5c /Users/andrue/devkitPro/devkitARM/bin/../lib/gcc/arm-none-eabi/6.3.0/armv6k/fpu/crtbegin.o
 .text.telnet   0x0000000000100a44       0xb0 main.o
                0x0000000000100a44                telnet
 .text.startup.main
                0x0000000000100af4      0x18c main.o
                0x0000000000100af4                main
 .text.gfxSetFramebufferInfo.part.0
                0x0000000000100c80       0x8c /Users/andrue/devkitPro/libctru/lib/libctru.a(gfx.o)
 .text.__get_bytes_per_pixel
                0x0000000000100d0c       0x18 /Users/andrue/devkitPro/libctru/lib/libctru.a(gfx.o)
                0x0000000000100d0c                __get_bytes_per_pixel
 .text.gfxSetScreenFormat
                0x0000000000100d24      0x174 /Users/andrue/devkitPro/libctru/lib/libctru.a(gfx.o)
                0x0000000000100d24                gfxSetScreenFormat
 .text.gfxSetDoubleBuffering
                0x0000000000100e98       0x14 /Users/andrue/devkitPro/libctru/lib/libctru.a(gfx.o)
                0x0000000000100e98                gfxSetDoubleBuffering
 .text.gfxSetFramebufferInfo
                0x0000000000100eac       0x70 /Users/andrue/devkitPro/libctru/lib/libctru.a(gfx.o)
                0x0000000000100eac                gfxSetFramebufferInfo
 .text.gfxWriteFramebufferInfo
                0x0000000000100f1c       0x88 /Users/andrue/devkitPro/libctru/lib/libctru.a(gfx.o)
                0x0000000000100f1c                gfxWriteFramebufferInfo
 .text.gfxInit  0x0000000000100fa4      0x1fc /Users/andrue/devkitPro/libctru/lib/libctru.a(gfx.o)
                0x0000000000100fa4                gfxInit
 .text.gfxInitDefault
                0x00000000001011a0       0x10 /Users/andrue/devkitPro/libctru/lib/libctru.a(gfx.o)
                0x00000000001011a0                gfxInitDefault
 .text.gfxExit  0x00000000001011b0       0xe0 /Users/andrue/devkitPro/libctru/lib/libctru.a(gfx.o)
                0x00000000001011b0                gfxExit
 .text.gfxGetFramebuffer
                0x0000000000101290       0xb0 /Users/andrue/devkitPro/libctru/lib/libctru.a(gfx.o)
                0x0000000000101290                gfxGetFramebuffer
 .text.gfxFlushBuffers
                0x0000000000101340       0xc8 /Users/andrue/devkitPro/libctru/lib/libctru.a(gfx.o)
                0x0000000000101340                gfxFlushBuffers
 .text.gfxConfigScreen
                0x0000000000101408       0x70 /Users/andrue/devkitPro/libctru/lib/libctru.a(gfx.o)
                0x0000000000101408                gfxConfigScreen
 .text.gfxSwapBuffers
                0x0000000000101478       0x20 /Users/andrue/devkitPro/libctru/lib/libctru.a(gfx.o)
                0x0000000000101478                gfxSwapBuffers
 .text.gfxSwapBuffersGpu
                0x0000000000101498       0x20 /Users/andrue/devkitPro/libctru/lib/libctru.a(gfx.o)
                0x0000000000101498                gfxSwapBuffersGpu
 .text.debug_write
                0x00000000001014b8       0x1c /Users/andrue/devkitPro/libctru/lib/libctru.a(console.o)
                0x00000000001014b8                debug_write
 .text.consoleDrawChar
                0x00000000001014d4      0x1b0 /Users/andrue/devkitPro/libctru/lib/libctru.a(console.o)
                0x00000000001014d4                consoleDrawChar
 .text.consolePrintChar
                0x0000000000101684      0x124 /Users/andrue/devkitPro/libctru/lib/libctru.a(console.o)
                0x0000000000101684                consolePrintChar
 .text.consoleCls
                0x00000000001017a8      0x190 /Users/andrue/devkitPro/libctru/lib/libctru.a(console.o)
 .text.consoleInit
                0x0000000000101938       0xf8 /Users/andrue/devkitPro/libctru/lib/libctru.a(console.o)
                0x0000000000101938                consoleInit
 .text.consoleClearLine
                0x0000000000101a30      0x144 /Users/andrue/devkitPro/libctru/lib/libctru.a(console.o)
 .text.newRow   0x0000000000101b74       0xbc /Users/andrue/devkitPro/libctru/lib/libctru.a(console.o)
 .text.con_write
                0x0000000000101c30      0x79c /Users/andrue/devkitPro/libctru/lib/libctru.a(console.o)
                0x0000000000101c30                con_write
 .text.hidExit  0x00000000001023cc       0xd0 /Users/andrue/devkitPro/libctru/lib/libctru.a(hid.o)
                0x00000000001023cc                hidExit
 .text.hidScanInput
                0x000000000010249c      0x234 /Users/andrue/devkitPro/libctru/lib/libctru.a(hid.o)
                0x000000000010249c                hidScanInput
 .text.hidKeysDown
                0x00000000001026d0       0x10 /Users/andrue/devkitPro/libctru/lib/libctru.a(hid.o)
                0x00000000001026d0                hidKeysDown
 .text.HIDUSER_GetHandles
                0x00000000001026e0       0x90 /Users/andrue/devkitPro/libctru/lib/libctru.a(hid.o)
                0x00000000001026e0                HIDUSER_GetHandles
 .text.hidInit  0x0000000000102770      0x18c /Users/andrue/devkitPro/libctru/lib/libctru.a(hid.o)
                0x0000000000102770                hidInit
 .text._aptDebug
                0x00000000001028fc        0x4 /Users/andrue/devkitPro/libctru/lib/libctru.a(apt.o)
                0x00000000001028fc                _aptDebug
 .text.aptSendCommand
                0x0000000000102900      0x130 /Users/andrue/devkitPro/libctru/lib/libctru.a(apt.o)
                0x0000000000102900                aptSendCommand
 .text.aptExitProcess
                0x0000000000102a30       0x3c /Users/andrue/devkitPro/libctru/lib/libctru.a(apt.o)
 .text.aptSetMessageCallback
                0x0000000000102a6c       0x14 /Users/andrue/devkitPro/libctru/lib/libctru.a(apt.o)
                0x0000000000102a6c                aptSetMessageCallback
 .text.APT_InquireNotification
                0x0000000000102a80       0x4c /Users/andrue/devkitPro/libctru/lib/libctru.a(apt.o)
                0x0000000000102a80                APT_InquireNotification
 .text.aptEventHandler
                0x0000000000102acc      0x19c /Users/andrue/devkitPro/libctru/lib/libctru.a(apt.o)
 .text.APT_AppletUtility
                0x0000000000102c68       0x74 /Users/andrue/devkitPro/libctru/lib/libctru.a(apt.o)
                0x0000000000102c68                APT_AppletUtility
 .text.aptSetSleepAllowed
                0x0000000000102cdc       0xb4 /Users/andrue/devkitPro/libctru/lib/libctru.a(apt.o)
                0x0000000000102cdc                aptSetSleepAllowed
 .text.APT_GlanceParameter
                0x0000000000102d90       0xb4 /Users/andrue/devkitPro/libctru/lib/libctru.a(apt.o)
                0x0000000000102d90                APT_GlanceParameter
 .text.APT_ReceiveParameter
                0x0000000000102e44       0xc0 /Users/andrue/devkitPro/libctru/lib/libctru.a(apt.o)
                0x0000000000102e44                APT_ReceiveParameter
 .text.aptReceiveParameter.constprop.1
                0x0000000000102f04       0xa8 /Users/andrue/devkitPro/libctru/lib/libctru.a(apt.o)
 *fill*         0x0000000000102fac        0x4 
 .text.aptScreenTransfer
                0x0000000000102fb0      0x1ec /Users/andrue/devkitPro/libctru/lib/libctru.a(apt.o)
 .text.aptWaitForWakeUp
                0x000000000010319c      0x228 /Users/andrue/devkitPro/libctru/lib/libctru.a(apt.o)
 .text.APT_SendParameter
                0x00000000001033c4       0x58 /Users/andrue/devkitPro/libctru/lib/libctru.a(apt.o)
                0x00000000001033c4                APT_SendParameter
 .text.APT_CancelParameter
                0x000000000010341c       0x70 /Users/andrue/devkitPro/libctru/lib/libctru.a(apt.o)
                0x000000000010341c                APT_CancelParameter
 .text.aptInit  0x000000000010348c      0x230 /Users/andrue/devkitPro/libctru/lib/libctru.a(apt.o)
                0x000000000010348c                aptInit
 .text.aptClearParamQueue
                0x00000000001036bc       0x8c /Users/andrue/devkitPro/libctru/lib/libctru.a(apt.o)
 .text.aptMainLoop
                0x0000000000103748      0x214 /Users/andrue/devkitPro/libctru/lib/libctru.a(apt.o)
                0x0000000000103748                aptMainLoop
 .text.aptExit  0x000000000010395c      0x148 /Users/andrue/devkitPro/libctru/lib/libctru.a(apt.o)
                0x000000000010395c                aptExit
 .text.aptLaunchLibraryApplet
                0x0000000000103aa4       0xdc /Users/andrue/devkitPro/libctru/lib/libctru.a(apt.o)
                0x0000000000103aa4                aptLaunchLibraryApplet
 .text.APT_CheckNew3DS
                0x0000000000103b80       0x70 /Users/andrue/devkitPro/libctru/lib/libctru.a(apt.o)
                0x0000000000103b80                APT_CheckNew3DS
 .text.gspEventThreadMain
                0x0000000000103bf0      0x160 /Users/andrue/devkitPro/libctru/lib/libctru.a(gspgpu.o)
 .text.gspInit  0x0000000000103d50       0x74 /Users/andrue/devkitPro/libctru/lib/libctru.a(gspgpu.o)
                0x0000000000103d50                gspInit
 .text.gspExit  0x0000000000103dc4       0x3c /Users/andrue/devkitPro/libctru/lib/libctru.a(gspgpu.o)
                0x0000000000103dc4                gspExit
 .text.gspInitEventHandler
                0x0000000000103e00       0x88 /Users/andrue/devkitPro/libctru/lib/libctru.a(gspgpu.o)
                0x0000000000103e00                gspInitEventHandler
 .text.gspExitEventHandler
                0x0000000000103e88       0x30 /Users/andrue/devkitPro/libctru/lib/libctru.a(gspgpu.o)
                0x0000000000103e88                gspExitEventHandler
 .text.gspWaitForEvent
                0x0000000000103eb8       0x44 /Users/andrue/devkitPro/libctru/lib/libctru.a(gspgpu.o)
                0x0000000000103eb8                gspWaitForEvent
 .text.GSPGPU_SetBufferSwap
                0x0000000000103efc       0x6c /Users/andrue/devkitPro/libctru/lib/libctru.a(gspgpu.o)
                0x0000000000103efc                GSPGPU_SetBufferSwap
 .text.GSPGPU_FlushDataCache
                0x0000000000103f68       0x4c /Users/andrue/devkitPro/libctru/lib/libctru.a(gspgpu.o)
                0x0000000000103f68                GSPGPU_FlushDataCache
 .text.GSPGPU_SetLcdForceBlack
                0x0000000000103fb4       0x34 /Users/andrue/devkitPro/libctru/lib/libctru.a(gspgpu.o)
                0x0000000000103fb4                GSPGPU_SetLcdForceBlack
 .text.GSPGPU_RegisterInterruptRelayQueue
                0x0000000000103fe8       0x64 /Users/andrue/devkitPro/libctru/lib/libctru.a(gspgpu.o)
                0x0000000000103fe8                GSPGPU_RegisterInterruptRelayQueue
 .text.GSPGPU_UnregisterInterruptRelayQueue
                0x000000000010404c       0x2c /Users/andrue/devkitPro/libctru/lib/libctru.a(gspgpu.o)
                0x000000000010404c                GSPGPU_UnregisterInterruptRelayQueue
 .text.GSPGPU_AcquireRight
                0x0000000000104078       0x48 /Users/andrue/devkitPro/libctru/lib/libctru.a(gspgpu.o)
                0x0000000000104078                GSPGPU_AcquireRight
 .text.GSPGPU_ReleaseRight
                0x00000000001040c0       0x2c /Users/andrue/devkitPro/libctru/lib/libctru.a(gspgpu.o)
                0x00000000001040c0                GSPGPU_ReleaseRight
 .text.GSPGPU_ImportDisplayCaptureInfo
                0x00000000001040ec       0x80 /Users/andrue/devkitPro/libctru/lib/libctru.a(gspgpu.o)
                0x00000000001040ec                GSPGPU_ImportDisplayCaptureInfo
 .text.GSPGPU_SaveVramSysArea
                0x000000000010416c       0x2c /Users/andrue/devkitPro/libctru/lib/libctru.a(gspgpu.o)
                0x000000000010416c                GSPGPU_SaveVramSysArea
 .text.GSPGPU_RestoreVramSysArea
                0x0000000000104198       0x2c /Users/andrue/devkitPro/libctru/lib/libctru.a(gspgpu.o)
                0x0000000000104198                GSPGPU_RestoreVramSysArea
 .text.irrstScanInput
                0x00000000001041c4       0xb0 /Users/andrue/devkitPro/libctru/lib/libctru.a(irrst.o)
                0x00000000001041c4                irrstScanInput
 .text.irrstKeysHeld
                0x0000000000104274       0x1c /Users/andrue/devkitPro/libctru/lib/libctru.a(irrst.o)
                0x0000000000104274                irrstKeysHeld
 .text.IRRST_GetHandles
                0x0000000000104290       0x50 /Users/andrue/devkitPro/libctru/lib/libctru.a(irrst.o)
                0x0000000000104290                IRRST_GetHandles
 .text.irrstInit
                0x00000000001042e0      0x150 /Users/andrue/devkitPro/libctru/lib/libctru.a(irrst.o)
                0x00000000001042e0                irrstInit
 .text.IRRST_Shutdown
                0x0000000000104430       0x2c /Users/andrue/devkitPro/libctru/lib/libctru.a(irrst.o)
                0x0000000000104430                IRRST_Shutdown
 .text.irrstExit
                0x000000000010445c       0xac /Users/andrue/devkitPro/libctru/lib/libctru.a(irrst.o)
                0x000000000010445c                irrstExit
 .text.connect  0x0000000000104508      0x17c /Users/andrue/devkitPro/libctru/lib/libctru.a(soc_connect.o)
                0x0000000000104508                connect
 .text.socket   0x0000000000104684      0x154 /Users/andrue/devkitPro/libctru/lib/libctru.a(soc_socket.o)
                0x0000000000104684                socket
 .text.inet_addr
                0x00000000001047d8       0x24 /Users/andrue/devkitPro/libctru/lib/libctru.a(soc_inet_addr.o)
                0x00000000001047d8                inet_addr
 .text.swkbdConvertToUTF16.part.0
                0x00000000001047fc       0x24 /Users/andrue/devkitPro/libctru/lib/libctru.a(swkbd.o)
 .text.swkbdMessageCallback
                0x0000000000104820      0x16c /Users/andrue/devkitPro/libctru/lib/libctru.a(swkbd.o)
 .text.swkbdInit
                0x000000000010498c       0x78 /Users/andrue/devkitPro/libctru/lib/libctru.a(swkbd.o)
                0x000000000010498c                swkbdInit
 .text.swkbdSetHintText
                0x0000000000104a04       0x2c /Users/andrue/devkitPro/libctru/lib/libctru.a(swkbd.o)
                0x0000000000104a04                swkbdSetHintText
 .text.swkbdSetButton
                0x0000000000104a30       0x54 /Users/andrue/devkitPro/libctru/lib/libctru.a(swkbd.o)
                0x0000000000104a30                swkbdSetButton
 .text.swkbdSetInitialText
                0x0000000000104a84        0x8 /Users/andrue/devkitPro/libctru/lib/libctru.a(swkbd.o)
                0x0000000000104a84                swkbdSetInitialText
 .text.swkbdSetStatusData
                0x0000000000104a8c       0x30 /Users/andrue/devkitPro/libctru/lib/libctru.a(swkbd.o)
                0x0000000000104a8c                swkbdSetStatusData
 .text.swkbdInputText
                0x0000000000104abc      0x378 /Users/andrue/devkitPro/libctru/lib/libctru.a(swkbd.o)
                0x0000000000104abc                swkbdInputText
 .text.utf8_to_utf16
                0x0000000000104e34       0xc0 /Users/andrue/devkitPro/libctru/lib/libctru.a(utf8_to_utf16.o)
                0x0000000000104e34                utf8_to_utf16
 .text.decode_utf8
                0x0000000000104ef4      0x138 /Users/andrue/devkitPro/libctru/lib/libctru.a(decode_utf8.o)
                0x0000000000104ef4                decode_utf8
 .text.utf16_to_utf8
                0x000000000010502c       0xe8 /Users/andrue/devkitPro/libctru/lib/libctru.a(utf16_to_utf8.o)
                0x000000000010502c                utf16_to_utf8
 .text.encode_utf8
                0x0000000000105114      0x104 /Users/andrue/devkitPro/libctru/lib/libctru.a(encode_utf8.o)
                0x0000000000105114                encode_utf8
 .text.encode_utf16
                0x0000000000105218       0x68 /Users/andrue/devkitPro/libctru/lib/libctru.a(encode_utf16.o)
                0x0000000000105218                encode_utf16
 .text.__system_initArgv
                0x0000000000105280       0xe8 /Users/andrue/devkitPro/libctru/lib/libctru.a(initArgv.o)
                0x0000000000105280                __system_initArgv
 .text.__libctru_init
                0x0000000000105368       0x38 /Users/andrue/devkitPro/libctru/lib/libctru.a(initSystem.o)
                0x0000000000105368                __libctru_init
 .text.svcControlMemory
                0x00000000001053a0       0x20 /Users/andrue/devkitPro/libctru/lib/libctru.a(svc.o)
                0x00000000001053a0                svcControlMemory
 .text.svcExitProcess
                0x00000000001053c0        0x8 /Users/andrue/devkitPro/libctru/lib/libctru.a(svc.o)
                0x00000000001053c0                svcExitProcess
 .text.svcCreateThread
                0x00000000001053c8       0x20 /Users/andrue/devkitPro/libctru/lib/libctru.a(svc.o)
                0x00000000001053c8                svcCreateThread
 .text.svcExitThread
                0x00000000001053e8        0x8 /Users/andrue/devkitPro/libctru/lib/libctru.a(svc.o)
                0x00000000001053e8                svcExitThread
 .text.svcSleepThread
                0x00000000001053f0        0x8 /Users/andrue/devkitPro/libctru/lib/libctru.a(svc.o)
                0x00000000001053f0                svcSleepThread
 .text.svcReleaseMutex
                0x00000000001053f8        0x8 /Users/andrue/devkitPro/libctru/lib/libctru.a(svc.o)
                0x00000000001053f8                svcReleaseMutex
 .text.svcCreateEvent
                0x0000000000105400       0x14 /Users/andrue/devkitPro/libctru/lib/libctru.a(svc.o)
                0x0000000000105400                svcCreateEvent
 .text.svcSignalEvent
                0x0000000000105414        0x8 /Users/andrue/devkitPro/libctru/lib/libctru.a(svc.o)
                0x0000000000105414                svcSignalEvent
 .text.svcClearEvent
                0x000000000010541c        0x8 /Users/andrue/devkitPro/libctru/lib/libctru.a(svc.o)
                0x000000000010541c                svcClearEvent
 .text.svcCreateMemoryBlock
                0x0000000000105424       0x18 /Users/andrue/devkitPro/libctru/lib/libctru.a(svc.o)
                0x0000000000105424                svcCreateMemoryBlock
 .text.svcMapMemoryBlock
                0x000000000010543c        0x8 /Users/andrue/devkitPro/libctru/lib/libctru.a(svc.o)
                0x000000000010543c                svcMapMemoryBlock
 .text.svcUnmapMemoryBlock
                0x0000000000105444        0x8 /Users/andrue/devkitPro/libctru/lib/libctru.a(svc.o)
                0x0000000000105444                svcUnmapMemoryBlock
 .text.svcCreateAddressArbiter
                0x000000000010544c       0x14 /Users/andrue/devkitPro/libctru/lib/libctru.a(svc.o)
                0x000000000010544c                svcCreateAddressArbiter
 .text.svcArbitrateAddress
                0x0000000000105460       0x18 /Users/andrue/devkitPro/libctru/lib/libctru.a(svc.o)
                0x0000000000105460                svcArbitrateAddress
 .text.svcCloseHandle
                0x0000000000105478        0x8 /Users/andrue/devkitPro/libctru/lib/libctru.a(svc.o)
                0x0000000000105478                svcCloseHandle
 .text.svcWaitSynchronization
                0x0000000000105480        0x8 /Users/andrue/devkitPro/libctru/lib/libctru.a(svc.o)
                0x0000000000105480                svcWaitSynchronization
 .text.svcWaitSynchronizationN
                0x0000000000105488       0x28 /Users/andrue/devkitPro/libctru/lib/libctru.a(svc.o)
                0x0000000000105488                svcWaitSynchronizationN
 .text.svcDuplicateHandle
                0x00000000001054b0       0x14 /Users/andrue/devkitPro/libctru/lib/libctru.a(svc.o)
                0x00000000001054b0                svcDuplicateHandle
 .text.svcGetSystemTick
                0x00000000001054c4        0x8 /Users/andrue/devkitPro/libctru/lib/libctru.a(svc.o)
                0x00000000001054c4                svcGetSystemTick
 .text.svcGetSystemInfo
                0x00000000001054cc       0x18 /Users/andrue/devkitPro/libctru/lib/libctru.a(svc.o)
                0x00000000001054cc                svcGetSystemInfo
 .text.svcConnectToPort
                0x00000000001054e4       0x14 /Users/andrue/devkitPro/libctru/lib/libctru.a(svc.o)
                0x00000000001054e4                svcConnectToPort
 .text.svcSendSyncRequest
                0x00000000001054f8        0x8 /Users/andrue/devkitPro/libctru/lib/libctru.a(svc.o)
                0x00000000001054f8                svcSendSyncRequest
 .text.svcBreak
                0x0000000000105500        0x8 /Users/andrue/devkitPro/libctru/lib/libctru.a(svc.o)
                0x0000000000105500                svcBreak
 .text.svcOutputDebugString
                0x0000000000105508        0x8 /Users/andrue/devkitPro/libctru/lib/libctru.a(svc.o)
                0x0000000000105508                svcOutputDebugString
 .text._ZL21addrMapNodeComparatorPK11rbtree_nodeS1_
                0x0000000000105510       0x24 /Users/andrue/devkitPro/libctru/lib/libctru.a(linear.o)
 .text._ZL21addrMapNodeDestructorP11rbtree_node
                0x0000000000105534        0x4 /Users/andrue/devkitPro/libctru/lib/libctru.a(linear.o)
 .text.linearMemAlign
                0x0000000000105538      0x13c /Users/andrue/devkitPro/libctru/lib/libctru.a(linear.o)
                0x0000000000105538                linearMemAlign
 .text.linearAlloc
                0x0000000000105674        0x8 /Users/andrue/devkitPro/libctru/lib/libctru.a(linear.o)
                0x0000000000105674                linearAlloc
 .text.linearFree
                0x000000000010567c       0x50 /Users/andrue/devkitPro/libctru/lib/libctru.a(linear.o)
                0x000000000010567c                linearFree
 .text._ZL21addrMapNodeComparatorPK11rbtree_nodeS1_
                0x00000000001056cc       0x24 /Users/andrue/devkitPro/libctru/lib/libctru.a(mappable.o)
 .text._ZL21addrMapNodeDestructorP11rbtree_node
                0x00000000001056f0        0x4 /Users/andrue/devkitPro/libctru/lib/libctru.a(mappable.o)
 .text.mappableAlloc
                0x00000000001056f4       0xf4 /Users/andrue/devkitPro/libctru/lib/libctru.a(mappable.o)
                0x00000000001056f4                mappableAlloc
 .text.mappableFree
                0x00000000001057e8       0x50 /Users/andrue/devkitPro/libctru/lib/libctru.a(mappable.o)
                0x00000000001057e8                mappableFree
 .text._ZL21addrMapNodeComparatorPK11rbtree_nodeS1_
                0x0000000000105838       0x24 /Users/andrue/devkitPro/libctru/lib/libctru.a(vram.o)
 .text._ZL21addrMapNodeDestructorP11rbtree_node
                0x000000000010585c        0x4 /Users/andrue/devkitPro/libctru/lib/libctru.a(vram.o)
 .text.vramMemAlign
                0x0000000000105860      0x12c /Users/andrue/devkitPro/libctru/lib/libctru.a(vram.o)
                0x0000000000105860                vramMemAlign
 .text.vramAlloc
                0x000000000010598c        0x8 /Users/andrue/devkitPro/libctru/lib/libctru.a(vram.o)
                0x000000000010598c                vramAlloc
 .text.vramFree
                0x0000000000105994       0x50 /Users/andrue/devkitPro/libctru/lib/libctru.a(vram.o)
                0x0000000000105994                vramFree
 .text.threadCreate
                0x00000000001059e4      0x1bc /Users/andrue/devkitPro/libctru/lib/libctru.a(thread.o)
                0x00000000001059e4                threadCreate
 .text.threadJoin
                0x0000000000105ba0       0x24 /Users/andrue/devkitPro/libctru/lib/libctru.a(thread.o)
                0x0000000000105ba0                threadJoin
 .text.threadExit
                0x0000000000105bc4       0x70 /Users/andrue/devkitPro/libctru/lib/libctru.a(thread.o)
                0x0000000000105bc4                threadExit
 .text._thread_begin
                0x0000000000105c34       0x40 /Users/andrue/devkitPro/libctru/lib/libctru.a(thread.o)
 .text.srvExit  0x0000000000105c74       0x50 /Users/andrue/devkitPro/libctru/lib/libctru.a(srv.o)
                0x0000000000105c74                srvExit
 .text.srvRegisterClient
                0x0000000000105cc4       0x38 /Users/andrue/devkitPro/libctru/lib/libctru.a(srv.o)
                0x0000000000105cc4                srvRegisterClient
 .text.srvInit  0x0000000000105cfc       0x78 /Users/andrue/devkitPro/libctru/lib/libctru.a(srv.o)
                0x0000000000105cfc                srvInit
 .text.srvGetServiceHandleDirect
                0x0000000000105d74       0x68 /Users/andrue/devkitPro/libctru/lib/libctru.a(srv.o)
                0x0000000000105d74                srvGetServiceHandleDirect
 .text.srvGetServiceHandle
                0x0000000000105ddc       0x38 /Users/andrue/devkitPro/libctru/lib/libctru.a(srv.o)
                0x0000000000105ddc                srvGetServiceHandle
 .text.getSysTime
                0x0000000000105e14       0x58 /Users/andrue/devkitPro/libctru/lib/libctru.a(os.o)
 .text.osGetMemRegionUsed
                0x0000000000105e6c       0x24 /Users/andrue/devkitPro/libctru/lib/libctru.a(os.o)
                0x0000000000105e6c                osGetMemRegionUsed
 .text.__libctru_gtod
                0x0000000000105e90       0xf4 /Users/andrue/devkitPro/libctru/lib/libctru.a(os.o)
                0x0000000000105e90                __libctru_gtod
 .text.__ctru_speedup_config
                0x0000000000105f84       0x34 /Users/andrue/devkitPro/libctru/lib/libctru.a(os.o)
                0x0000000000105f84                __ctru_speedup_config
 .text.envGetHandle
                0x0000000000105fb8       0x84 /Users/andrue/devkitPro/libctru/lib/libctru.a(env.o)
                0x0000000000105fb8                envGetHandle
 .text.envDestroyHandles
                0x000000000010603c       0x4c /Users/andrue/devkitPro/libctru/lib/libctru.a(env.o)
                0x000000000010603c                envDestroyHandles
 .text.LightLock_Unlock.part.1
                0x0000000000106088       0x34 /Users/andrue/devkitPro/libctru/lib/libctru.a(synchronization.o)
 .text.__sync_init
                0x00000000001060bc        0xc /Users/andrue/devkitPro/libctru/lib/libctru.a(synchronization.o)
                0x00000000001060bc                __sync_init
 .text.__sync_fini
                0x00000000001060c8       0x18 /Users/andrue/devkitPro/libctru/lib/libctru.a(synchronization.o)
                0x00000000001060c8                __sync_fini
 .text.__sync_get_arbiter
                0x00000000001060e0       0x10 /Users/andrue/devkitPro/libctru/lib/libctru.a(synchronization.o)
                0x00000000001060e0                __sync_get_arbiter
 .text.LightLock_Init
                0x00000000001060f0       0x18 /Users/andrue/devkitPro/libctru/lib/libctru.a(synchronization.o)
                0x00000000001060f0                LightLock_Init
 .text.LightLock_Lock
                0x0000000000106108       0xa0 /Users/andrue/devkitPro/libctru/lib/libctru.a(synchronization.o)
                0x0000000000106108                LightLock_Lock
 .text.LightLock_TryLock
                0x00000000001061a8       0x34 /Users/andrue/devkitPro/libctru/lib/libctru.a(synchronization.o)
                0x00000000001061a8                LightLock_TryLock
 .text.LightLock_Unlock
                0x00000000001061dc       0x20 /Users/andrue/devkitPro/libctru/lib/libctru.a(synchronization.o)
                0x00000000001061dc                LightLock_Unlock
 .text.RecursiveLock_Init
                0x00000000001061fc       0x24 /Users/andrue/devkitPro/libctru/lib/libctru.a(synchronization.o)
                0x00000000001061fc                RecursiveLock_Init
 .text.RecursiveLock_Lock
                0x0000000000106220       0x30 /Users/andrue/devkitPro/libctru/lib/libctru.a(synchronization.o)
                0x0000000000106220                RecursiveLock_Lock
 .text.RecursiveLock_TryLock
                0x0000000000106250       0x58 /Users/andrue/devkitPro/libctru/lib/libctru.a(synchronization.o)
                0x0000000000106250                RecursiveLock_TryLock
 .text.RecursiveLock_Unlock
                0x00000000001062a8       0x38 /Users/andrue/devkitPro/libctru/lib/libctru.a(synchronization.o)
                0x00000000001062a8                RecursiveLock_Unlock
 .text.LightEvent_Init
                0x00000000001062e0       0x38 /Users/andrue/devkitPro/libctru/lib/libctru.a(synchronization.o)
                0x00000000001062e0                LightEvent_Init
 .text.LightEvent_Clear
                0x0000000000106318       0x7c /Users/andrue/devkitPro/libctru/lib/libctru.a(synchronization.o)
                0x0000000000106318                LightEvent_Clear
 .text.LightEvent_Signal
                0x0000000000106394       0xdc /Users/andrue/devkitPro/libctru/lib/libctru.a(synchronization.o)
                0x0000000000106394                LightEvent_Signal
 .text.LightEvent_Wait
                0x0000000000106470       0xd0 /Users/andrue/devkitPro/libctru/lib/libctru.a(synchronization.o)
                0x0000000000106470                LightEvent_Wait
 .text.ptmSysmInit
                0x0000000000106540       0x70 /Users/andrue/devkitPro/libctru/lib/libctru.a(ptmsysm.o)
                0x0000000000106540                ptmSysmInit
 .text.ptmSysmExit
                0x00000000001065b0       0x34 /Users/andrue/devkitPro/libctru/lib/libctru.a(ptmsysm.o)
                0x00000000001065b0                ptmSysmExit
 .text.PTMSYSM_ConfigureNew3DSCPU
                0x00000000001065e4       0x34 /Users/andrue/devkitPro/libctru/lib/libctru.a(ptmsysm.o)
                0x00000000001065e4                PTMSYSM_ConfigureNew3DSCPU
 .text.inet_aton
                0x0000000000106618      0x1ec /Users/andrue/devkitPro/libctru/lib/libctru.a(soc_inet_aton.o)
                0x0000000000106618                inet_aton
 .text._net_convert_error
                0x0000000000106804       0x3c /Users/andrue/devkitPro/libctru/lib/libctru.a(soc_common.o)
                0x0000000000106804                _net_convert_error
 .text.rbtree_find
                0x0000000000106840       0x70 /Users/andrue/devkitPro/libctru/lib/libctru.a(rbtree_find.o)
                0x0000000000106840                rbtree_find
 .text.rbtree_remove
                0x00000000001068b0      0x324 /Users/andrue/devkitPro/libctru/lib/libctru.a(rbtree_remove.o)
                0x00000000001068b0                rbtree_remove
 .text.rbtree_node_next
                0x0000000000106bd4       0x74 /Users/andrue/devkitPro/libctru/lib/libctru.a(rbtree_iterator.o)
                0x0000000000106bd4                rbtree_node_next
 .text.rbtree_rotate
                0x0000000000106c48       0x94 /Users/andrue/devkitPro/libctru/lib/libctru.a(rbtree_rotate.o)
                0x0000000000106c48                rbtree_rotate
 .text.do_insert
                0x0000000000106cdc      0x18c /Users/andrue/devkitPro/libctru/lib/libctru.a(rbtree_insert.o)
 .text.rbtree_insert
                0x0000000000106e68        0x8 /Users/andrue/devkitPro/libctru/lib/libctru.a(rbtree_insert.o)
                0x0000000000106e68                rbtree_insert
 .text.rbtree_init
                0x0000000000106e70       0x14 /Users/andrue/devkitPro/libctru/lib/libctru.a(rbtree_init.o)
                0x0000000000106e70                rbtree_init
 .text.decode_utf16
                0x0000000000106e84       0x60 /Users/andrue/devkitPro/libctru/lib/libctru.a(decode_utf16.o)
                0x0000000000106e84                decode_utf16
 .text.__libctru_exit
                0x0000000000106ee4       0xa4 /Users/andrue/devkitPro/libctru/lib/libctru.a(ctru_exit.o)
                0x0000000000106ee4                __libctru_exit
 .text.__appExit
                0x0000000000106f88       0x1c /Users/andrue/devkitPro/libctru/lib/libctru.a(appExit.o)
                0x0000000000106f88                __appExit
 .text.osGetMemRegionSize
                0x0000000000106fa4       0x58 /Users/andrue/devkitPro/libctru/lib/libctru.a(allocateHeaps.o)
 .text.__system_allocateHeaps
                0x0000000000106ffc      0x104 /Users/andrue/devkitPro/libctru/lib/libctru.a(allocateHeaps.o)
                0x0000000000106ffc                __system_allocateHeaps
 .text.__ctru_get_reent
                0x0000000000107100       0x30 /Users/andrue/devkitPro/libctru/lib/libctru.a(syscalls.o)
 .text.__system_initSyscalls
                0x0000000000107130       0xe4 /Users/andrue/devkitPro/libctru/lib/libctru.a(syscalls.o)
                0x0000000000107130                __system_initSyscalls
 .text.__appInit
                0x0000000000107214       0x1c /Users/andrue/devkitPro/libctru/lib/libctru.a(appInit.o)
                0x0000000000107214                __appInit
 .text._ZN7MemPool13CoalesceRightEP8MemBlock
                0x0000000000107230       0x98 /Users/andrue/devkitPro/libctru/lib/libctru.a(mem_pool.o)
                0x0000000000107230                MemPool::CoalesceRight(MemBlock*)
 .text._ZN7MemPool8AllocateER8MemChunkmi
                0x00000000001072c8      0x178 /Users/andrue/devkitPro/libctru/lib/libctru.a(mem_pool.o)
                0x00000000001072c8                MemPool::Allocate(MemChunk&, unsigned long, int)
 .text._ZN7MemPool10DeallocateERK8MemChunk
                0x0000000000107440      0x100 /Users/andrue/devkitPro/libctru/lib/libctru.a(mem_pool.o)
                0x0000000000107440                MemPool::Deallocate(MemChunk const&)
 .text.sdmc_link
                0x0000000000107540       0x10 /Users/andrue/devkitPro/libctru/lib/libctru.a(sdmc_dev.o)
 .text.sdmc_dirreset
                0x0000000000107550       0x10 /Users/andrue/devkitPro/libctru/lib/libctru.a(sdmc_dev.o)
 .text.sdmc_fchmod
                0x0000000000107560       0x10 /Users/andrue/devkitPro/libctru/lib/libctru.a(sdmc_dev.o)
 .text.error_cmp
                0x0000000000107570       0x24 /Users/andrue/devkitPro/libctru/lib/libctru.a(sdmc_dev.o)
 .text.sdmc_translate_error
                0x0000000000107594       0x50 /Users/andrue/devkitPro/libctru/lib/libctru.a(sdmc_dev.o)
 .text.sdmc_fsync
                0x00000000001075e4       0x34 /Users/andrue/devkitPro/libctru/lib/libctru.a(sdmc_dev.o)
 .text.sdmc_ftruncate
                0x0000000000107618       0x54 /Users/andrue/devkitPro/libctru/lib/libctru.a(sdmc_dev.o)
 .text.sdmc_statvfs
                0x000000000010766c       0xb8 /Users/andrue/devkitPro/libctru/lib/libctru.a(sdmc_dev.o)
 .text.sdmc_dirclose
                0x0000000000107724       0x38 /Users/andrue/devkitPro/libctru/lib/libctru.a(sdmc_dev.o)
 .text.sdmc_dirnext
                0x000000000010775c      0x138 /Users/andrue/devkitPro/libctru/lib/libctru.a(sdmc_dev.o)
 .text.sdmc_close
                0x0000000000107894       0x34 /Users/andrue/devkitPro/libctru/lib/libctru.a(sdmc_dev.o)
 .text.sdmc_fstat
                0x00000000001078c8       0x74 /Users/andrue/devkitPro/libctru/lib/libctru.a(sdmc_dev.o)
 .text.sdmc_seek
                0x000000000010793c       0xd8 /Users/andrue/devkitPro/libctru/lib/libctru.a(sdmc_dev.o)
 .text.sdmc_read
                0x0000000000107a14       0x84 /Users/andrue/devkitPro/libctru/lib/libctru.a(sdmc_dev.o)
 .text.sdmc_write
                0x0000000000107a98       0xb8 /Users/andrue/devkitPro/libctru/lib/libctru.a(sdmc_dev.o)
 .text.sdmc_utf16path
                0x0000000000107b50      0x1b4 /Users/andrue/devkitPro/libctru/lib/libctru.a(sdmc_dev.o)
 .text.sdmc_rmdir
                0x0000000000107d04       0x74 /Users/andrue/devkitPro/libctru/lib/libctru.a(sdmc_dev.o)
 .text.sdmc_diropen
                0x0000000000107d78       0xa4 /Users/andrue/devkitPro/libctru/lib/libctru.a(sdmc_dev.o)
 .text.sdmc_chdir
                0x0000000000107e1c       0xa0 /Users/andrue/devkitPro/libctru/lib/libctru.a(sdmc_dev.o)
 .text.sdmc_mkdir
                0x0000000000107ebc       0x98 /Users/andrue/devkitPro/libctru/lib/libctru.a(sdmc_dev.o)
 .text.sdmc_rename
                0x0000000000107f54      0x108 /Users/andrue/devkitPro/libctru/lib/libctru.a(sdmc_dev.o)
 .text.sdmc_unlink
                0x000000000010805c       0x74 /Users/andrue/devkitPro/libctru/lib/libctru.a(sdmc_dev.o)
 .text.sdmc_stat
                0x00000000001080d0      0x108 /Users/andrue/devkitPro/libctru/lib/libctru.a(sdmc_dev.o)
 .text.sdmc_open
                0x00000000001081d8      0x188 /Users/andrue/devkitPro/libctru/lib/libctru.a(sdmc_dev.o)
 .text.sdmc_chmod
                0x0000000000108360       0x10 /Users/andrue/devkitPro/libctru/lib/libctru.a(sdmc_dev.o)
 .text.sdmcInit
                0x0000000000108370      0x15c /Users/andrue/devkitPro/libctru/lib/libctru.a(sdmc_dev.o)
                0x0000000000108370                sdmcInit
 .text.sdmcExit
                0x00000000001084cc       0x58 /Users/andrue/devkitPro/libctru/lib/libctru.a(sdmc_dev.o)
                0x00000000001084cc                sdmcExit
 .text.fsSessionForArchive.part.0
                0x0000000000108524       0x28 /Users/andrue/devkitPro/libctru/lib/libctru.a(fs.o)
 .text.fsInit   0x000000000010854c       0xc8 /Users/andrue/devkitPro/libctru/lib/libctru.a(fs.o)
                0x000000000010854c                fsInit
 .text.fsExit   0x0000000000108614       0x38 /Users/andrue/devkitPro/libctru/lib/libctru.a(fs.o)
                0x0000000000108614                fsExit
 .text.fsExemptFromSession
                0x000000000010864c       0xa0 /Users/andrue/devkitPro/libctru/lib/libctru.a(fs.o)
                0x000000000010864c                fsExemptFromSession
 .text.fsUnexemptFromSession
                0x00000000001086ec       0x54 /Users/andrue/devkitPro/libctru/lib/libctru.a(fs.o)
                0x00000000001086ec                fsUnexemptFromSession
 .text.FSUSER_OpenFile
                0x0000000000108740       0xbc /Users/andrue/devkitPro/libctru/lib/libctru.a(fs.o)
                0x0000000000108740                FSUSER_OpenFile
 .text.FSUSER_DeleteFile
                0x00000000001087fc       0xa4 /Users/andrue/devkitPro/libctru/lib/libctru.a(fs.o)
                0x00000000001087fc                FSUSER_DeleteFile
 .text.FSUSER_RenameFile
                0x00000000001088a0       0xe0 /Users/andrue/devkitPro/libctru/lib/libctru.a(fs.o)
                0x00000000001088a0                FSUSER_RenameFile
 .text.FSUSER_DeleteDirectory
                0x0000000000108980       0xa4 /Users/andrue/devkitPro/libctru/lib/libctru.a(fs.o)
                0x0000000000108980                FSUSER_DeleteDirectory
 .text.FSUSER_CreateFile
                0x0000000000108a24       0xbc /Users/andrue/devkitPro/libctru/lib/libctru.a(fs.o)
                0x0000000000108a24                FSUSER_CreateFile
 .text.FSUSER_CreateDirectory
                0x0000000000108ae0       0xac /Users/andrue/devkitPro/libctru/lib/libctru.a(fs.o)
                0x0000000000108ae0                FSUSER_CreateDirectory
 .text.FSUSER_RenameDirectory
                0x0000000000108b8c       0xe0 /Users/andrue/devkitPro/libctru/lib/libctru.a(fs.o)
                0x0000000000108b8c                FSUSER_RenameDirectory
 .text.FSUSER_OpenDirectory
                0x0000000000108c6c       0xa4 /Users/andrue/devkitPro/libctru/lib/libctru.a(fs.o)
                0x0000000000108c6c                FSUSER_OpenDirectory
 .text.FSUSER_OpenArchive
                0x0000000000108d10       0x98 /Users/andrue/devkitPro/libctru/lib/libctru.a(fs.o)
                0x0000000000108d10                FSUSER_OpenArchive
 .text.FSUSER_CloseArchive
                0x0000000000108da8       0x74 /Users/andrue/devkitPro/libctru/lib/libctru.a(fs.o)
                0x0000000000108da8                FSUSER_CloseArchive
 .text.FSUSER_GetSdmcArchiveResource
                0x0000000000108e1c       0x78 /Users/andrue/devkitPro/libctru/lib/libctru.a(fs.o)
                0x0000000000108e1c                FSUSER_GetSdmcArchiveResource
 .text.FSUSER_IsSdmcWritable
                0x0000000000108e94       0x64 /Users/andrue/devkitPro/libctru/lib/libctru.a(fs.o)
                0x0000000000108e94                FSUSER_IsSdmcWritable
 .text.FSFILE_Read
                0x0000000000108ef8       0x5c /Users/andrue/devkitPro/libctru/lib/libctru.a(fs.o)
                0x0000000000108ef8                FSFILE_Read
 .text.FSFILE_Write
                0x0000000000108f54       0x64 /Users/andrue/devkitPro/libctru/lib/libctru.a(fs.o)
                0x0000000000108f54                FSFILE_Write
 .text.FSFILE_GetSize
                0x0000000000108fb8       0x3c /Users/andrue/devkitPro/libctru/lib/libctru.a(fs.o)
                0x0000000000108fb8                FSFILE_GetSize
 .text.FSFILE_SetSize
                0x0000000000108ff4       0x2c /Users/andrue/devkitPro/libctru/lib/libctru.a(fs.o)
                0x0000000000108ff4                FSFILE_SetSize
 .text.FSFILE_Close
                0x0000000000109020       0x3c /Users/andrue/devkitPro/libctru/lib/libctru.a(fs.o)
                0x0000000000109020                FSFILE_Close
 .text.FSFILE_Flush
                0x000000000010905c       0x24 /Users/andrue/devkitPro/libctru/lib/libctru.a(fs.o)
                0x000000000010905c                FSFILE_Flush
 .text.FSDIR_Read
                0x0000000000109080       0x54 /Users/andrue/devkitPro/libctru/lib/libctru.a(fs.o)
                0x0000000000109080                FSDIR_Read
 .text.FSDIR_Close
                0x00000000001090d4       0x3c /Users/andrue/devkitPro/libctru/lib/libctru.a(fs.o)
                0x00000000001090d4                FSDIR_Close
 .text.__aeabi_read_tp
                0x0000000000109110        0xc /Users/andrue/devkitPro/libctru/lib/libctru.a(readtp.o)
                0x0000000000109110                __aeabi_read_tp
 .text.__udivmoddi4
                0x000000000010911c      0x128 /Users/andrue/devkitPro/devkitARM/bin/../lib/gcc/arm-none-eabi/6.3.0/armv6k/fpu/libgcc.a(_udivmoddi4.o)
                0x000000000010911c                __udivmoddi4
 .text.bsearch  0x0000000000109244       0x74 /Users/andrue/devkitPro/devkitARM/bin/../lib/gcc/arm-none-eabi/6.3.0/../../../../arm-none-eabi/lib/armv6k/fpu/libg.a(lib_a-bsearch.o)
                0x0000000000109244                bsearch
 .text.__errno  0x00000000001092b8        0xc /Users/andrue/devkitPro/devkitARM/bin/../lib/gcc/arm-none-eabi/6.3.0/../../../../arm-none-eabi/lib/armv6k/fpu/libg.a(lib_a-errno.o)
                0x00000000001092b8                __errno
 .text.__libc_fini_array
                0x00000000001092c4       0x40 /Users/andrue/devkitPro/devkitARM/bin/../lib/gcc/arm-none-eabi/6.3.0/../../../../arm-none-eabi/lib/armv6k/fpu/libg.a(lib_a-fini.o)
                0x00000000001092c4                __libc_fini_array
 .text.__libc_init_array
                0x0000000000109304       0x78 /Users/andrue/devkitPro/devkitARM/bin/../lib/gcc/arm-none-eabi/6.3.0/../../../../arm-none-eabi/lib/armv6k/fpu/libg.a(lib_a-init.o)
                0x0000000000109304                __libc_init_array
 .text.__locale_mb_cur_max
                0x000000000010937c       0x24 /Users/andrue/devkitPro/devkitARM/bin/../lib/gcc/arm-none-eabi/6.3.0/../../../../arm-none-eabi/lib/armv6k/fpu/libg.a(lib_a-locale.o)
                0x000000000010937c                __locale_mb_cur_max
 .text.__locale_ctype_ptr_l
                0x00000000001093a0        0x8 /Users/andrue/devkitPro/devkitARM/bin/../lib/gcc/arm-none-eabi/6.3.0/../../../../arm-none-eabi/lib/armv6k/fpu/libg.a(lib_a-locale.o)
                0x00000000001093a0                __locale_ctype_ptr_l
 .text.__locale_ctype_ptr
                0x00000000001093a8       0x24 /Users/andrue/devkitPro/devkitARM/bin/../lib/gcc/arm-none-eabi/6.3.0/../../../../arm-none-eabi/lib/armv6k/fpu/libg.a(lib_a-locale.o)
                0x00000000001093a8                __locale_ctype_ptr
 .text.memalign
                0x00000000001093cc       0x20 /Users/andrue/devkitPro/devkitARM/bin/../lib/gcc/arm-none-eabi/6.3.0/../../../../arm-none-eabi/lib/armv6k/fpu/libg.a(lib_a-malign.o)
                0x00000000001093cc                memalign
 .text._memalign_r
                0x00000000001093ec      0x158 /Users/andrue/devkitPro/devkitARM/bin/../lib/gcc/arm-none-eabi/6.3.0/../../../../arm-none-eabi/lib/armv6k/fpu/libg.a(lib_a-malignr.o)
                0x00000000001093ec                _memalign_r
 .text.malloc   0x0000000000109544       0x18 /Users/andrue/devkitPro/devkitARM/bin/../lib/gcc/arm-none-eabi/6.3.0/../../../../arm-none-eabi/lib/armv6k/fpu/libg.a(lib_a-malloc.o)
                0x0000000000109544                malloc
 .text.free     0x000000000010955c       0x18 /Users/andrue/devkitPro/devkitARM/bin/../lib/gcc/arm-none-eabi/6.3.0/../../../../arm-none-eabi/lib/armv6k/fpu/libg.a(lib_a-malloc.o)
                0x000000000010955c                free
 .text._malloc_r
                0x0000000000109574      0x78c /Users/andrue/devkitPro/devkitARM/bin/../lib/gcc/arm-none-eabi/6.3.0/../../../../arm-none-eabi/lib/armv6k/fpu/libg.a(lib_a-mallocr.o)
                0x0000000000109574                _malloc_r
 .text.__utf8_mbtowc
                0x0000000000109d00      0x300 /Users/andrue/devkitPro/devkitARM/bin/../lib/gcc/arm-none-eabi/6.3.0/../../../../arm-none-eabi/lib/armv6k/fpu/libg.a(lib_a-mbtowc_r.o)
                0x0000000000109d00                __utf8_mbtowc
 .text.memchr   0x000000000010a000      0x104 /Users/andrue/devkitPro/devkitARM/bin/../lib/gcc/arm-none-eabi/6.3.0/../../../../arm-none-eabi/lib/armv6k/fpu/libg.a(lib_a-memchr-stub.o)
                0x000000000010a000                memchr
 .text.memcpy   0x000000000010a104      0x114 /Users/andrue/devkitPro/devkitARM/bin/../lib/gcc/arm-none-eabi/6.3.0/../../../../arm-none-eabi/lib/armv6k/fpu/libg.a(lib_a-memcpy-stub.o)
                0x000000000010a104                memcpy
 .text.memset   0x000000000010a218      0x110 /Users/andrue/devkitPro/devkitARM/bin/../lib/gcc/arm-none-eabi/6.3.0/../../../../arm-none-eabi/lib/armv6k/fpu/libg.a(lib_a-memset.o)
                0x000000000010a218                memset
 .text.__malloc_lock
                0x000000000010a328        0xc /Users/andrue/devkitPro/devkitARM/bin/../lib/gcc/arm-none-eabi/6.3.0/../../../../arm-none-eabi/lib/armv6k/fpu/libg.a(lib_a-mlock.o)
                0x000000000010a328                __malloc_lock
 .text.__malloc_unlock
                0x000000000010a334        0xc /Users/andrue/devkitPro/devkitARM/bin/../lib/gcc/arm-none-eabi/6.3.0/../../../../arm-none-eabi/lib/armv6k/fpu/libg.a(lib_a-mlock.o)
                0x000000000010a334                __malloc_unlock
 .text.printf   0x000000000010a340       0x38 /Users/andrue/devkitPro/devkitARM/bin/../lib/gcc/arm-none-eabi/6.3.0/../../../../arm-none-eabi/lib/armv6k/fpu/libg.a(lib_a-printf.o)
                0x000000000010a340                printf
 .text._puts_r  0x000000000010a378       0xe0 /Users/andrue/devkitPro/devkitARM/bin/../lib/gcc/arm-none-eabi/6.3.0/../../../../arm-none-eabi/lib/armv6k/fpu/libg.a(lib_a-puts.o)
                0x000000000010a378                _puts_r
 .text.puts     0x000000000010a458       0x18 /Users/andrue/devkitPro/devkitARM/bin/../lib/gcc/arm-none-eabi/6.3.0/../../../../arm-none-eabi/lib/armv6k/fpu/libg.a(lib_a-puts.o)
                0x000000000010a458                puts
 .text.setvbuf  0x000000000010a470      0x258 /Users/andrue/devkitPro/devkitARM/bin/../lib/gcc/arm-none-eabi/6.3.0/../../../../arm-none-eabi/lib/armv6k/fpu/libg.a(lib_a-setvbuf.o)
                0x000000000010a470                setvbuf
 .text.sscanf   0x000000000010a6c8       0x74 /Users/andrue/devkitPro/devkitARM/bin/../lib/gcc/arm-none-eabi/6.3.0/../../../../arm-none-eabi/lib/armv6k/fpu/libg.a(lib_a-sscanf.o)
                0x000000000010a6c8                sscanf
 .text.__sread  0x000000000010a73c       0x3c /Users/andrue/devkitPro/devkitARM/bin/../lib/gcc/arm-none-eabi/6.3.0/../../../../arm-none-eabi/lib/armv6k/fpu/libg.a(lib_a-stdio.o)
                0x000000000010a73c                __sread
 .text.__seofread
                0x000000000010a778        0x8 /Users/andrue/devkitPro/devkitARM/bin/../lib/gcc/arm-none-eabi/6.3.0/../../../../arm-none-eabi/lib/armv6k/fpu/libg.a(lib_a-stdio.o)
                0x000000000010a778                __seofread
 .text.__swrite
                0x000000000010a780       0x64 /Users/andrue/devkitPro/devkitARM/bin/../lib/gcc/arm-none-eabi/6.3.0/../../../../arm-none-eabi/lib/armv6k/fpu/libg.a(lib_a-stdio.o)
                0x000000000010a780                __swrite
 .text.__sseek  0x000000000010a7e4       0x4c /Users/andrue/devkitPro/devkitARM/bin/../lib/gcc/arm-none-eabi/6.3.0/../../../../arm-none-eabi/lib/armv6k/fpu/libg.a(lib_a-stdio.o)
                0x000000000010a7e4                __sseek
 .text.__sclose
                0x000000000010a830        0x8 /Users/andrue/devkitPro/devkitARM/bin/../lib/gcc/arm-none-eabi/6.3.0/../../../../arm-none-eabi/lib/armv6k/fpu/libg.a(lib_a-stdio.o)
                0x000000000010a830                __sclose
 .text.strchr   0x000000000010a838      0x1ac /Users/andrue/devkitPro/devkitARM/bin/../lib/gcc/arm-none-eabi/6.3.0/../../../../arm-none-eabi/lib/armv6k/fpu/libg.a(lib_a-strchr.o)
                0x000000000010a838                strchr
 .text.strlen   0x000000000010a9e4       0x5c /Users/andrue/devkitPro/devkitARM/bin/../lib/gcc/arm-none-eabi/6.3.0/../../../../arm-none-eabi/lib/armv6k/fpu/libg.a(lib_a-strlen-stub.o)
                0x000000000010a9e4                strlen
 .text.strncat  0x000000000010aa40       0x9c /Users/andrue/devkitPro/devkitARM/bin/../lib/gcc/arm-none-eabi/6.3.0/../../../../arm-none-eabi/lib/armv6k/fpu/libg.a(lib_a-strncat.o)
                0x000000000010aa40                strncat
 .text.strncmp  0x000000000010aadc      0x108 /Users/andrue/devkitPro/devkitARM/bin/../lib/gcc/arm-none-eabi/6.3.0/../../../../arm-none-eabi/lib/armv6k/fpu/libg.a(lib_a-strncmp.o)
                0x000000000010aadc                strncmp
 .text.strncpy  0x000000000010abe4       0xd8 /Users/andrue/devkitPro/devkitARM/bin/../lib/gcc/arm-none-eabi/6.3.0/../../../../arm-none-eabi/lib/armv6k/fpu/libg.a(lib_a-strncpy.o)
                0x000000000010abe4                strncpy
 .text._strtol_l.isra.0
                0x000000000010acbc      0x220 /Users/andrue/devkitPro/devkitARM/bin/../lib/gcc/arm-none-eabi/6.3.0/../../../../arm-none-eabi/lib/armv6k/fpu/libg.a(lib_a-strtol.o)
 .text._strtol_r
                0x000000000010aedc       0x50 /Users/andrue/devkitPro/devkitARM/bin/../lib/gcc/arm-none-eabi/6.3.0/../../../../arm-none-eabi/lib/armv6k/fpu/libg.a(lib_a-strtol.o)
                0x000000000010aedc                _strtol_r
 .text.__ssvfscanf_r
                0x000000000010af2c     0x290c /Users/andrue/devkitPro/devkitARM/bin/../lib/gcc/arm-none-eabi/6.3.0/../../../../arm-none-eabi/lib/armv6k/fpu/libg.a(lib_a-svfscanf.o)
                0x000000000010af2c                __ssvfscanf_r
 .text.__sprint_r.part.0
                0x000000000010d838       0x1c /Users/andrue/devkitPro/devkitARM/bin/../lib/gcc/arm-none-eabi/6.3.0/../../../../arm-none-eabi/lib/armv6k/fpu/libg.a(lib_a-vfiprintf.o)
 .text.__sprint_r
                0x000000000010d854       0x1c /Users/andrue/devkitPro/devkitARM/bin/../lib/gcc/arm-none-eabi/6.3.0/../../../../arm-none-eabi/lib/armv6k/fpu/libg.a(lib_a-vfiprintf.o)
                0x000000000010d854                __sprint_r
 .text.get_arg  0x000000000010d870     0x1624 /Users/andrue/devkitPro/devkitARM/bin/../lib/gcc/arm-none-eabi/6.3.0/../../../../arm-none-eabi/lib/armv6k/fpu/libg.a(lib_a-vfprintf.o)
 *fill*         0x000000000010ee94        0x4 
 .text._vfprintf_r
                0x000000000010ee98     0x4314 /Users/andrue/devkitPro/devkitARM/bin/../lib/gcc/arm-none-eabi/6.3.0/../../../../arm-none-eabi/lib/armv6k/fpu/libg.a(lib_a-vfprintf.o)
                0x000000000010ee98                _vfprintf_r
 .text.__sbprintf
                0x00000000001131ac       0xcc /Users/andrue/devkitPro/devkitARM/bin/../lib/gcc/arm-none-eabi/6.3.0/../../../../arm-none-eabi/lib/armv6k/fpu/libg.a(lib_a-vfprintf.o)
 .text._wcrtomb_r
                0x0000000000113278       0xa0 /Users/andrue/devkitPro/devkitARM/bin/../lib/gcc/arm-none-eabi/6.3.0/../../../../arm-none-eabi/lib/armv6k/fpu/libg.a(lib_a-wcrtomb.o)
                0x0000000000113278                _wcrtomb_r
 .text._wcsrtombs_r
                0x0000000000113318       0x20 /Users/andrue/devkitPro/devkitARM/bin/../lib/gcc/arm-none-eabi/6.3.0/../../../../arm-none-eabi/lib/armv6k/fpu/libg.a(lib_a-wcsrtombs.o)
                0x0000000000113318                _wcsrtombs_r
 .text.__utf8_wctomb
                0x0000000000113338       0xe8 /Users/andrue/devkitPro/devkitARM/bin/../lib/gcc/arm-none-eabi/6.3.0/../../../../arm-none-eabi/lib/armv6k/fpu/libg.a(lib_a-wctomb_r.o)
                0x0000000000113338                __utf8_wctomb
 .text.__swsetup_r
                0x0000000000113420      0x144 /Users/andrue/devkitPro/devkitARM/bin/../lib/gcc/arm-none-eabi/6.3.0/../../../../arm-none-eabi/lib/armv6k/fpu/libg.a(lib_a-wsetup.o)
                0x0000000000113420                __swsetup_r
 .text.quorem   0x0000000000113564      0x1d0 /Users/andrue/devkitPro/devkitARM/bin/../lib/gcc/arm-none-eabi/6.3.0/../../../../arm-none-eabi/lib/armv6k/fpu/libg.a(lib_a-dtoa.o)
 *fill*         0x0000000000113734        0x4 
 .text._dtoa_r  0x0000000000113738     0x1260 /Users/andrue/devkitPro/devkitARM/bin/../lib/gcc/arm-none-eabi/6.3.0/../../../../arm-none-eabi/lib/armv6k/fpu/libg.a(lib_a-dtoa.o)
                0x0000000000113738                _dtoa_r
 .text.__sflush_r
                0x0000000000114998      0x254 /Users/andrue/devkitPro/devkitARM/bin/../lib/gcc/arm-none-eabi/6.3.0/../../../../arm-none-eabi/lib/armv6k/fpu/libg.a(lib_a-fflush.o)
                0x0000000000114998                __sflush_r
 .text._fflush_r
                0x0000000000114bec       0x94 /Users/andrue/devkitPro/devkitARM/bin/../lib/gcc/arm-none-eabi/6.3.0/../../../../arm-none-eabi/lib/armv6k/fpu/libg.a(lib_a-fflush.o)
                0x0000000000114bec                _fflush_r
 .text._cleanup_r
                0x0000000000114c80        0xc /Users/andrue/devkitPro/devkitARM/bin/../lib/gcc/arm-none-eabi/6.3.0/../../../../arm-none-eabi/lib/armv6k/fpu/libg.a(lib_a-findfp.o)
                0x0000000000114c80                _cleanup_r
 .text.std.isra.0
                0x0000000000114c8c       0x80 /Users/andrue/devkitPro/devkitARM/bin/../lib/gcc/arm-none-eabi/6.3.0/../../../../arm-none-eabi/lib/armv6k/fpu/libg.a(lib_a-findfp.o)
 .text.__sinit  0x0000000000114d0c       0x8c /Users/andrue/devkitPro/devkitARM/bin/../lib/gcc/arm-none-eabi/6.3.0/../../../../arm-none-eabi/lib/armv6k/fpu/libg.a(lib_a-findfp.o)
                0x0000000000114d0c                __sinit
 .text.__sfp_lock_acquire
                0x0000000000114d98        0xc /Users/andrue/devkitPro/devkitARM/bin/../lib/gcc/arm-none-eabi/6.3.0/../../../../arm-none-eabi/lib/armv6k/fpu/libg.a(lib_a-findfp.o)
                0x0000000000114d98                __sfp_lock_acquire
 .text.__sfp_lock_release
                0x0000000000114da4        0xc /Users/andrue/devkitPro/devkitARM/bin/../lib/gcc/arm-none-eabi/6.3.0/../../../../arm-none-eabi/lib/armv6k/fpu/libg.a(lib_a-findfp.o)
                0x0000000000114da4                __sfp_lock_release
 .text._malloc_trim_r
                0x0000000000114db0       0xf8 /Users/andrue/devkitPro/devkitARM/bin/../lib/gcc/arm-none-eabi/6.3.0/../../../../arm-none-eabi/lib/armv6k/fpu/libg.a(lib_a-freer.o)
                0x0000000000114db0                _malloc_trim_r
 .text._free_r  0x0000000000114ea8      0x2e4 /Users/andrue/devkitPro/devkitARM/bin/../lib/gcc/arm-none-eabi/6.3.0/../../../../arm-none-eabi/lib/armv6k/fpu/libg.a(lib_a-freer.o)
                0x0000000000114ea8                _free_r
 .text.__sfvwrite_r
                0x000000000011518c      0x4ac /Users/andrue/devkitPro/devkitARM/bin/../lib/gcc/arm-none-eabi/6.3.0/../../../../arm-none-eabi/lib/armv6k/fpu/libg.a(lib_a-fvwrite.o)
                0x000000000011518c                __sfvwrite_r
 .text._fwalk_reent
                0x0000000000115638       0x80 /Users/andrue/devkitPro/devkitARM/bin/../lib/gcc/arm-none-eabi/6.3.0/../../../../arm-none-eabi/lib/armv6k/fpu/libg.a(lib_a-fwalk.o)
                0x0000000000115638                _fwalk_reent
 .text.iswspace
                0x00000000001156b8       0x74 /Users/andrue/devkitPro/devkitARM/bin/../lib/gcc/arm-none-eabi/6.3.0/../../../../arm-none-eabi/lib/armv6k/fpu/libg.a(lib_a-iswspace.o)
                0x00000000001156b8                iswspace
 .text.__jp2uc  0x000000000011572c      0x204 /Users/andrue/devkitPro/devkitARM/bin/../lib/gcc/arm-none-eabi/6.3.0/../../../../arm-none-eabi/lib/armv6k/fpu/libg.a(lib_a-jp2uc.o)
 .text._jp2uc   0x0000000000115930       0xc8 /Users/andrue/devkitPro/devkitARM/bin/../lib/gcc/arm-none-eabi/6.3.0/../../../../arm-none-eabi/lib/armv6k/fpu/libg.a(lib_a-jp2uc.o)
                0x0000000000115930                _jp2uc
 .text.__localeconv_l
                0x00000000001159f8        0x8 /Users/andrue/devkitPro/devkitARM/bin/../lib/gcc/arm-none-eabi/6.3.0/../../../../arm-none-eabi/lib/armv6k/fpu/libg.a(lib_a-localeconv.o)
                0x00000000001159f8                __localeconv_l
 .text._localeconv_r
                0x0000000000115a00       0x24 /Users/andrue/devkitPro/devkitARM/bin/../lib/gcc/arm-none-eabi/6.3.0/../../../../arm-none-eabi/lib/armv6k/fpu/libg.a(lib_a-localeconv.o)
                0x0000000000115a00                _localeconv_r
 .text.__swhatbuf_r
                0x0000000000115a24       0x94 /Users/andrue/devkitPro/devkitARM/bin/../lib/gcc/arm-none-eabi/6.3.0/../../../../arm-none-eabi/lib/armv6k/fpu/libg.a(lib_a-makebuf.o)
                0x0000000000115a24                __swhatbuf_r
 .text.__smakebuf_r
                0x0000000000115ab8       0xf4 /Users/andrue/devkitPro/devkitARM/bin/../lib/gcc/arm-none-eabi/6.3.0/../../../../arm-none-eabi/lib/armv6k/fpu/libg.a(lib_a-makebuf.o)
                0x0000000000115ab8                __smakebuf_r
 .text._mbrtowc_r
                0x0000000000115bac       0xb4 /Users/andrue/devkitPro/devkitARM/bin/../lib/gcc/arm-none-eabi/6.3.0/../../../../arm-none-eabi/lib/armv6k/fpu/libg.a(lib_a-mbrtowc.o)
                0x0000000000115bac                _mbrtowc_r
 .text.memmove  0x0000000000115c60      0x148 /Users/andrue/devkitPro/devkitARM/bin/../lib/gcc/arm-none-eabi/6.3.0/../../../../arm-none-eabi/lib/armv6k/fpu/libg.a(lib_a-memmove.o)
                0x0000000000115c60                memmove
 .text._Balloc  0x0000000000115da8       0x88 /Users/andrue/devkitPro/devkitARM/bin/../lib/gcc/arm-none-eabi/6.3.0/../../../../arm-none-eabi/lib/armv6k/fpu/libg.a(lib_a-mprec.o)
                0x0000000000115da8                _Balloc
 .text._Bfree   0x0000000000115e30       0x1c /Users/andrue/devkitPro/devkitARM/bin/../lib/gcc/arm-none-eabi/6.3.0/../../../../arm-none-eabi/lib/armv6k/fpu/libg.a(lib_a-mprec.o)
                0x0000000000115e30                _Bfree
 .text.__multadd
                0x0000000000115e4c       0xd8 /Users/andrue/devkitPro/devkitARM/bin/../lib/gcc/arm-none-eabi/6.3.0/../../../../arm-none-eabi/lib/armv6k/fpu/libg.a(lib_a-mprec.o)
                0x0000000000115e4c                __multadd
 .text.__s2b    0x0000000000115f24       0xf0 /Users/andrue/devkitPro/devkitARM/bin/../lib/gcc/arm-none-eabi/6.3.0/../../../../arm-none-eabi/lib/armv6k/fpu/libg.a(lib_a-mprec.o)
                0x0000000000115f24                __s2b
 .text.__hi0bits
                0x0000000000116014       0x58 /Users/andrue/devkitPro/devkitARM/bin/../lib/gcc/arm-none-eabi/6.3.0/../../../../arm-none-eabi/lib/armv6k/fpu/libg.a(lib_a-mprec.o)
                0x0000000000116014                __hi0bits
 .text.__lo0bits
                0x000000000011606c       0x9c /Users/andrue/devkitPro/devkitARM/bin/../lib/gcc/arm-none-eabi/6.3.0/../../../../arm-none-eabi/lib/armv6k/fpu/libg.a(lib_a-mprec.o)
                0x000000000011606c                __lo0bits
 .text.__i2b    0x0000000000116108       0x20 /Users/andrue/devkitPro/devkitARM/bin/../lib/gcc/arm-none-eabi/6.3.0/../../../../arm-none-eabi/lib/armv6k/fpu/libg.a(lib_a-mprec.o)
                0x0000000000116108                __i2b
 .text.__multiply
                0x0000000000116128      0x1cc /Users/andrue/devkitPro/devkitARM/bin/../lib/gcc/arm-none-eabi/6.3.0/../../../../arm-none-eabi/lib/armv6k/fpu/libg.a(lib_a-mprec.o)
                0x0000000000116128                __multiply
 .text.__pow5mult
                0x00000000001162f4      0x100 /Users/andrue/devkitPro/devkitARM/bin/../lib/gcc/arm-none-eabi/6.3.0/../../../../arm-none-eabi/lib/armv6k/fpu/libg.a(lib_a-mprec.o)
                0x00000000001162f4                __pow5mult
 .text.__lshift
                0x00000000001163f4       0xe4 /Users/andrue/devkitPro/devkitARM/bin/../lib/gcc/arm-none-eabi/6.3.0/../../../../arm-none-eabi/lib/armv6k/fpu/libg.a(lib_a-mprec.o)
                0x00000000001163f4                __lshift
 .text.__mcmp   0x00000000001164d8       0x60 /Users/andrue/devkitPro/devkitARM/bin/../lib/gcc/arm-none-eabi/6.3.0/../../../../arm-none-eabi/lib/armv6k/fpu/libg.a(lib_a-mprec.o)
                0x00000000001164d8                __mcmp
 .text.__mdiff  0x0000000000116538      0x198 /Users/andrue/devkitPro/devkitARM/bin/../lib/gcc/arm-none-eabi/6.3.0/../../../../arm-none-eabi/lib/armv6k/fpu/libg.a(lib_a-mprec.o)
                0x0000000000116538                __mdiff
 .text.__ulp    0x00000000001166d0       0x78 /Users/andrue/devkitPro/devkitARM/bin/../lib/gcc/arm-none-eabi/6.3.0/../../../../arm-none-eabi/lib/armv6k/fpu/libg.a(lib_a-mprec.o)
                0x00000000001166d0                __ulp
 .text.__b2d    0x0000000000116748       0xd4 /Users/andrue/devkitPro/devkitARM/bin/../lib/gcc/arm-none-eabi/6.3.0/../../../../arm-none-eabi/lib/armv6k/fpu/libg.a(lib_a-mprec.o)
                0x0000000000116748                __b2d
 .text.__d2b    0x000000000011681c      0x108 /Users/andrue/devkitPro/devkitARM/bin/../lib/gcc/arm-none-eabi/6.3.0/../../../../arm-none-eabi/lib/armv6k/fpu/libg.a(lib_a-mprec.o)
                0x000000000011681c                __d2b
 .text.__ratio  0x0000000000116924       0x7c /Users/andrue/devkitPro/devkitARM/bin/../lib/gcc/arm-none-eabi/6.3.0/../../../../arm-none-eabi/lib/armv6k/fpu/libg.a(lib_a-mprec.o)
                0x0000000000116924                __ratio
 .text.__copybits
                0x00000000001169a0       0x6c /Users/andrue/devkitPro/devkitARM/bin/../lib/gcc/arm-none-eabi/6.3.0/../../../../arm-none-eabi/lib/armv6k/fpu/libg.a(lib_a-mprec.o)
                0x00000000001169a0                __copybits
 .text.__any_on
                0x0000000000116a0c       0x80 /Users/andrue/devkitPro/devkitARM/bin/../lib/gcc/arm-none-eabi/6.3.0/../../../../arm-none-eabi/lib/armv6k/fpu/libg.a(lib_a-mprec.o)
                0x0000000000116a0c                __any_on
 .text._realloc_r
                0x0000000000116a8c      0x4cc /Users/andrue/devkitPro/devkitARM/bin/../lib/gcc/arm-none-eabi/6.3.0/../../../../arm-none-eabi/lib/armv6k/fpu/libg.a(lib_a-reallocr.o)
                0x0000000000116a8c                _realloc_r
 .text.frexp    0x0000000000116f58       0x9c /Users/andrue/devkitPro/devkitARM/bin/../lib/gcc/arm-none-eabi/6.3.0/../../../../arm-none-eabi/lib/armv6k/fpu/libg.a(lib_a-s_frexp.o)
                0x0000000000116f58                frexp
 .text.__sccl   0x0000000000116ff4       0xcc /Users/andrue/devkitPro/devkitARM/bin/../lib/gcc/arm-none-eabi/6.3.0/../../../../arm-none-eabi/lib/armv6k/fpu/libg.a(lib_a-sccl.o)
                0x0000000000116ff4                __sccl
 .text.nanf     0x00000000001170c0        0xc /Users/andrue/devkitPro/devkitARM/bin/../lib/gcc/arm-none-eabi/6.3.0/../../../../arm-none-eabi/lib/armv6k/fpu/libg.a(lib_a-sf_nan.o)
                0x00000000001170c0                nanf
 .text.sprintf  0x00000000001170cc       0x68 /Users/andrue/devkitPro/devkitARM/bin/../lib/gcc/arm-none-eabi/6.3.0/../../../../arm-none-eabi/lib/armv6k/fpu/libg.a(lib_a-sprintf.o)
                0x00000000001170cc                sprintf
 .text.stpncpy  0x0000000000117134      0x100 /Users/andrue/devkitPro/devkitARM/bin/../lib/gcc/arm-none-eabi/6.3.0/../../../../arm-none-eabi/lib/armv6k/fpu/libg.a(lib_a-stpncpy.o)
                0x0000000000117134                stpncpy
 .text.unlikely.sulp
                0x0000000000117234       0x54 /Users/andrue/devkitPro/devkitARM/bin/../lib/gcc/arm-none-eabi/6.3.0/../../../../arm-none-eabi/lib/armv6k/fpu/libg.a(lib_a-strtod.o)
 .text._strtod_l
                0x0000000000117288     0x1434 /Users/andrue/devkitPro/devkitARM/bin/../lib/gcc/arm-none-eabi/6.3.0/../../../../arm-none-eabi/lib/armv6k/fpu/libg.a(lib_a-strtod.o)
                0x0000000000117288                _strtod_l
 .text._strtod_r
                0x00000000001186bc       0x3c /Users/andrue/devkitPro/devkitARM/bin/../lib/gcc/arm-none-eabi/6.3.0/../../../../arm-none-eabi/lib/armv6k/fpu/libg.a(lib_a-strtod.o)
                0x00000000001186bc                _strtod_r
 .text._strtoll_l.isra.0
                0x00000000001186f8      0x2dc /Users/andrue/devkitPro/devkitARM/bin/../lib/gcc/arm-none-eabi/6.3.0/../../../../arm-none-eabi/lib/armv6k/fpu/libg.a(lib_a-strtoll.o)
 .text._strtoll_r
                0x00000000001189d4       0x50 /Users/andrue/devkitPro/devkitARM/bin/../lib/gcc/arm-none-eabi/6.3.0/../../../../arm-none-eabi/lib/armv6k/fpu/libg.a(lib_a-strtoll.o)
                0x00000000001189d4                _strtoll_r
 .text._strtoul_l.isra.0
                0x0000000000118a24      0x1e4 /Users/andrue/devkitPro/devkitARM/bin/../lib/gcc/arm-none-eabi/6.3.0/../../../../arm-none-eabi/lib/armv6k/fpu/libg.a(lib_a-strtoul.o)
 .text._strtoul_r
                0x0000000000118c08       0x50 /Users/andrue/devkitPro/devkitARM/bin/../lib/gcc/arm-none-eabi/6.3.0/../../../../arm-none-eabi/lib/armv6k/fpu/libg.a(lib_a-strtoul.o)
                0x0000000000118c08                _strtoul_r
 .text._strtoull_l.isra.0
                0x0000000000118c58      0x268 /Users/andrue/devkitPro/devkitARM/bin/../lib/gcc/arm-none-eabi/6.3.0/../../../../arm-none-eabi/lib/armv6k/fpu/libg.a(lib_a-strtoull.o)
 .text._strtoull_r
                0x0000000000118ec0       0x50 /Users/andrue/devkitPro/devkitARM/bin/../lib/gcc/arm-none-eabi/6.3.0/../../../../arm-none-eabi/lib/armv6k/fpu/libg.a(lib_a-strtoull.o)
                0x0000000000118ec0                _strtoull_r
 .text.__ssprint_r
                0x0000000000118f10      0x188 /Users/andrue/devkitPro/devkitARM/bin/../lib/gcc/arm-none-eabi/6.3.0/../../../../arm-none-eabi/lib/armv6k/fpu/libg.a(lib_a-svfiprintf.o)
                0x0000000000118f10                __ssprint_r
 .text._sungetc_r
                0x0000000000119098       0xe8 /Users/andrue/devkitPro/devkitARM/bin/../lib/gcc/arm-none-eabi/6.3.0/../../../../arm-none-eabi/lib/armv6k/fpu/libg.a(lib_a-svfiscanf.o)
                0x0000000000119098                _sungetc_r
 .text.__ssrefill_r
                0x0000000000119180       0x6c /Users/andrue/devkitPro/devkitARM/bin/../lib/gcc/arm-none-eabi/6.3.0/../../../../arm-none-eabi/lib/armv6k/fpu/libg.a(lib_a-svfiscanf.o)
                0x0000000000119180                __ssrefill_r
 .text._sfread_r
                0x00000000001191ec       0xd0 /Users/andrue/devkitPro/devkitARM/bin/../lib/gcc/arm-none-eabi/6.3.0/../../../../arm-none-eabi/lib/armv6k/fpu/libg.a(lib_a-svfiscanf.o)
                0x00000000001191ec                _sfread_r
 .text.get_arg  0x00000000001192bc     0x1624 /Users/andrue/devkitPro/devkitARM/bin/../lib/gcc/arm-none-eabi/6.3.0/../../../../arm-none-eabi/lib/armv6k/fpu/libg.a(lib_a-svfprintf.o)
 .text._svfprintf_r
                0x000000000011a8e0     0x41c4 /Users/andrue/devkitPro/devkitARM/bin/../lib/gcc/arm-none-eabi/6.3.0/../../../../arm-none-eabi/lib/armv6k/fpu/libg.a(lib_a-svfprintf.o)
                0x000000000011a8e0                _svfprintf_r
 .text.__submore
                0x000000000011eaa4       0xa8 /Users/andrue/devkitPro/devkitARM/bin/../lib/gcc/arm-none-eabi/6.3.0/../../../../arm-none-eabi/lib/armv6k/fpu/libg.a(lib_a-ungetc.o)
                0x000000000011eaa4                __submore
 .text._wcsnrtombs_l
                0x000000000011eb4c      0x174 /Users/andrue/devkitPro/devkitARM/bin/../lib/gcc/arm-none-eabi/6.3.0/../../../../arm-none-eabi/lib/armv6k/fpu/libg.a(lib_a-wcsnrtombs.o)
                0x000000000011eb4c                _wcsnrtombs_l
 .text._wcsnrtombs_r
                0x000000000011ecc0       0x64 /Users/andrue/devkitPro/devkitARM/bin/../lib/gcc/arm-none-eabi/6.3.0/../../../../arm-none-eabi/lib/armv6k/fpu/libg.a(lib_a-wcsnrtombs.o)
                0x000000000011ecc0                _wcsnrtombs_r
 .text._calloc_r
                0x000000000011ed24       0x90 /Users/andrue/devkitPro/devkitARM/bin/../lib/gcc/arm-none-eabi/6.3.0/../../../../arm-none-eabi/lib/armv6k/fpu/libg.a(lib_a-callocr.o)
                0x000000000011ed24                _calloc_r
 .text._fclose_r
                0x000000000011edb4      0x154 /Users/andrue/devkitPro/devkitARM/bin/../lib/gcc/arm-none-eabi/6.3.0/../../../../arm-none-eabi/lib/armv6k/fpu/libg.a(lib_a-fclose.o)
                0x000000000011edb4                _fclose_r
 .text.rshift   0x000000000011ef08       0xf0 /Users/andrue/devkitPro/devkitARM/bin/../lib/gcc/arm-none-eabi/6.3.0/../../../../arm-none-eabi/lib/armv6k/fpu/libg.a(lib_a-gdtoa-gethex.o)
 .text.__gethex
                0x000000000011eff8      0x7f4 /Users/andrue/devkitPro/devkitARM/bin/../lib/gcc/arm-none-eabi/6.3.0/../../../../arm-none-eabi/lib/armv6k/fpu/libg.a(lib_a-gdtoa-gethex.o)
                0x000000000011eff8                __gethex
 .text.__match  0x000000000011f7ec       0x64 /Users/andrue/devkitPro/devkitARM/bin/../lib/gcc/arm-none-eabi/6.3.0/../../../../arm-none-eabi/lib/armv6k/fpu/libg.a(lib_a-gdtoa-hexnan.o)
                0x000000000011f7ec                __match
 .text.__hexnan
                0x000000000011f850      0x264 /Users/andrue/devkitPro/devkitARM/bin/../lib/gcc/arm-none-eabi/6.3.0/../../../../arm-none-eabi/lib/armv6k/fpu/libg.a(lib_a-gdtoa-hexnan.o)
                0x000000000011f850                __hexnan
 .text.null_write
                0x000000000011fab4        0x8 /Users/andrue/devkitPro/devkitARM/bin/../lib/gcc/arm-none-eabi/6.3.0/../../../../arm-none-eabi/lib/armv6k/fpu/libsysbase.a(iosupport.o)
 .text.setDefaultDevice
                0x000000000011fabc       0x18 /Users/andrue/devkitPro/devkitARM/bin/../lib/gcc/arm-none-eabi/6.3.0/../../../../arm-none-eabi/lib/armv6k/fpu/libsysbase.a(iosupport.o)
                0x000000000011fabc                setDefaultDevice
 .text.FindDevice
                0x000000000011fad4       0xcc /Users/andrue/devkitPro/devkitARM/bin/../lib/gcc/arm-none-eabi/6.3.0/../../../../arm-none-eabi/lib/armv6k/fpu/libsysbase.a(iosupport.o)
                0x000000000011fad4                FindDevice
 .text.RemoveDevice
                0x000000000011fba0       0x28 /Users/andrue/devkitPro/devkitARM/bin/../lib/gcc/arm-none-eabi/6.3.0/../../../../arm-none-eabi/lib/armv6k/fpu/libsysbase.a(iosupport.o)
                0x000000000011fba0                RemoveDevice
 .text.AddDevice
                0x000000000011fbc8       0x98 /Users/andrue/devkitPro/devkitARM/bin/../lib/gcc/arm-none-eabi/6.3.0/../../../../arm-none-eabi/lib/armv6k/fpu/libsysbase.a(iosupport.o)
                0x000000000011fbc8                AddDevice
 .text._close_r
                0x000000000011fc60       0x84 /Users/andrue/devkitPro/devkitARM/bin/../lib/gcc/arm-none-eabi/6.3.0/../../../../arm-none-eabi/lib/armv6k/fpu/libsysbase.a(close.o)
                0x000000000011fc60                _close_r
 .text._fstat_r
                0x000000000011fce4       0x7c /Users/andrue/devkitPro/devkitARM/bin/../lib/gcc/arm-none-eabi/6.3.0/../../../../arm-none-eabi/lib/armv6k/fpu/libsysbase.a(fstat.o)
                0x000000000011fce4                _fstat_r
 .text._isatty_r
                0x000000000011fd60        0x8 /Users/andrue/devkitPro/devkitARM/bin/../lib/gcc/arm-none-eabi/6.3.0/../../../../arm-none-eabi/lib/armv6k/fpu/libsysbase.a(isatty.o)
                0x000000000011fd60                _isatty_r
 .text._lseek_r
                0x000000000011fd68       0x90 /Users/andrue/devkitPro/devkitARM/bin/../lib/gcc/arm-none-eabi/6.3.0/../../../../arm-none-eabi/lib/armv6k/fpu/libsysbase.a(lseek.o)
                0x000000000011fd68                _lseek_r
 .text._read_r  0x000000000011fdf8       0x88 /Users/andrue/devkitPro/devkitARM/bin/../lib/gcc/arm-none-eabi/6.3.0/../../../../arm-none-eabi/lib/armv6k/fpu/libsysbase.a(read.o)
                0x000000000011fdf8                _read_r
 .text._sbrk_r  0x000000000011fe80       0x70 /Users/andrue/devkitPro/devkitARM/bin/../lib/gcc/arm-none-eabi/6.3.0/../../../../arm-none-eabi/lib/armv6k/fpu/libsysbase.a(sbrk.o)
                0x000000000011fe80                _sbrk_r
 .text._write_r
                0x000000000011fef0       0x88 /Users/andrue/devkitPro/devkitARM/bin/../lib/gcc/arm-none-eabi/6.3.0/../../../../arm-none-eabi/lib/armv6k/fpu/libsysbase.a(write.o)
                0x000000000011fef0                _write_r
 .text._concatenate_path
                0x000000000011ff78      0x1d4 /Users/andrue/devkitPro/devkitARM/bin/../lib/gcc/arm-none-eabi/6.3.0/../../../../arm-none-eabi/lib/armv6k/fpu/libsysbase.a(chdir.o)
                0x000000000011ff78                _concatenate_path
 .text.chdir    0x000000000012014c      0x15c /Users/andrue/devkitPro/devkitARM/bin/../lib/gcc/arm-none-eabi/6.3.0/../../../../arm-none-eabi/lib/armv6k/fpu/libsysbase.a(chdir.o)
                0x000000000012014c                chdir
 .text.__flockfile
                0x00000000001202a8        0x8 /Users/andrue/devkitPro/devkitARM/bin/../lib/gcc/arm-none-eabi/6.3.0/../../../../arm-none-eabi/lib/armv6k/fpu/libsysbase.a(flock.o)
                0x00000000001202a8                __flockfile
 .text.__funlockfile
                0x00000000001202b0        0x8 /Users/andrue/devkitPro/devkitARM/bin/../lib/gcc/arm-none-eabi/6.3.0/../../../../arm-none-eabi/lib/armv6k/fpu/libsysbase.a(flock.o)
                0x00000000001202b0                __funlockfile
 .text.__libc_lock_acquire
                0x00000000001202b8       0x18 /Users/andrue/devkitPro/devkitARM/bin/../lib/gcc/arm-none-eabi/6.3.0/../../../../arm-none-eabi/lib/armv6k/fpu/libsysbase.a(syscall_support.o)
                0x00000000001202b8                __libc_lock_acquire
 .text.__libc_lock_release
                0x00000000001202d0       0x18 /Users/andrue/devkitPro/devkitARM/bin/../lib/gcc/arm-none-eabi/6.3.0/../../../../arm-none-eabi/lib/armv6k/fpu/libsysbase.a(syscall_support.o)
                0x00000000001202d0                __libc_lock_release
 .text.__libc_lock_init_recursive
                0x00000000001202e8       0x18 /Users/andrue/devkitPro/devkitARM/bin/../lib/gcc/arm-none-eabi/6.3.0/../../../../arm-none-eabi/lib/armv6k/fpu/libsysbase.a(syscall_support.o)
                0x00000000001202e8                __libc_lock_init_recursive
 .text.__libc_lock_acquire_recursive
                0x0000000000120300       0x18 /Users/andrue/devkitPro/devkitARM/bin/../lib/gcc/arm-none-eabi/6.3.0/../../../../arm-none-eabi/lib/armv6k/fpu/libsysbase.a(syscall_support.o)
                0x0000000000120300                __libc_lock_acquire_recursive
 .text.__libc_lock_release_recursive
                0x0000000000120318       0x18 /Users/andrue/devkitPro/devkitARM/bin/../lib/gcc/arm-none-eabi/6.3.0/../../../../arm-none-eabi/lib/armv6k/fpu/libsysbase.a(syscall_support.o)
                0x0000000000120318                __libc_lock_release_recursive
 .text.__libc_lock_close_recursive
                0x0000000000120330       0x18 /Users/andrue/devkitPro/devkitARM/bin/../lib/gcc/arm-none-eabi/6.3.0/../../../../arm-none-eabi/lib/armv6k/fpu/libsysbase.a(syscall_support.o)
                0x0000000000120330                __libc_lock_close_recursive
 .text.__free_handle
                0x0000000000120348       0x4c /Users/andrue/devkitPro/devkitARM/bin/../lib/gcc/arm-none-eabi/6.3.0/../../../../arm-none-eabi/lib/armv6k/fpu/libsysbase.a(handle_manager.o)
                0x0000000000120348                __free_handle
 .text.__release_handle
                0x0000000000120394       0x40 /Users/andrue/devkitPro/devkitARM/bin/../lib/gcc/arm-none-eabi/6.3.0/../../../../arm-none-eabi/lib/armv6k/fpu/libsysbase.a(handle_manager.o)
                0x0000000000120394                __release_handle
 .text.__alloc_handle
                0x00000000001203d4       0xb4 /Users/andrue/devkitPro/devkitARM/bin/../lib/gcc/arm-none-eabi/6.3.0/../../../../arm-none-eabi/lib/armv6k/fpu/libsysbase.a(handle_manager.o)
                0x00000000001203d4                __alloc_handle
 .text.__get_handle
                0x0000000000120488       0x18 /Users/andrue/devkitPro/devkitARM/bin/../lib/gcc/arm-none-eabi/6.3.0/../../../../arm-none-eabi/lib/armv6k/fpu/libsysbase.a(handle_manager.o)
                0x0000000000120488                __get_handle
 .text.__getreent
                0x00000000001204a0       0x28 /Users/andrue/devkitPro/devkitARM/bin/../lib/gcc/arm-none-eabi/6.3.0/../../../../arm-none-eabi/lib/armv6k/fpu/libsysbase.a(getreent.o)
                0x00000000001204a0                __getreent
 .text.strnlen  0x00000000001204c8       0x5c /Users/andrue/devkitPro/devkitARM/bin/../lib/gcc/arm-none-eabi/6.3.0/../../../../arm-none-eabi/lib/armv6k/fpu/libg.a(lib_a-strnlen.o)
                0x00000000001204c8                strnlen
 .text.strrchr  0x0000000000120524       0x44 /Users/andrue/devkitPro/devkitARM/bin/../lib/gcc/arm-none-eabi/6.3.0/../../../../arm-none-eabi/lib/armv6k/fpu/libg.a(lib_a-strrchr.o)
                0x0000000000120524                strrchr
 *(.glue_7)
 .glue_7        0x0000000000120568        0x0 linker stubs
 *(.glue_7t)
 .glue_7t       0x0000000000120568        0x0 linker stubs
 *(.stub)
 *(.gnu.warning)
 *(.gnu.linkonce.t*)
                0x0000000000120568                . = ALIGN (0x4)
 *(.fini)
 .fini          0x0000000000120568        0xc /Users/andrue/devkitPro/devkitARM/bin/../lib/gcc/arm-none-eabi/6.3.0/armv6k/fpu/crti.o
                0x0000000000120568                _fini
 .fini          0x0000000000120574        0xc /Users/andrue/devkitPro/devkitARM/bin/../lib/gcc/arm-none-eabi/6.3.0/armv6k/fpu/crtn.o
                0x0000000000120580                . = ALIGN (0x4)

.vfp11_veneer   0x0000000000120580        0x0
 .vfp11_veneer  0x0000000000120580        0x0 linker stubs

.v4_bx          0x0000000000120580        0x0
 .v4_bx         0x0000000000120580        0x0 linker stubs

.iplt           0x0000000000120580        0x0
 .iplt          0x0000000000120580        0x0 /Users/andrue/devkitPro/devkitARM/bin/../lib/gcc/arm-none-eabi/6.3.0/../../../../arm-none-eabi/lib/armv6k/fpu/3dsx_crt0.o

.rodata         0x0000000000121000     0x4804
 *(.rodata)
 .rodata        0x0000000000121000       0x1c /Users/andrue/devkitPro/libctru/lib/libctru.a(gfx.o)
 .rodata        0x000000000012101c      0x168 /Users/andrue/devkitPro/libctru/lib/libctru.a(console.o)
 .rodata        0x0000000000121184        0xc /Users/andrue/devkitPro/libctru/lib/libctru.a(apt.o)
 .rodata        0x0000000000121190      0x804 /Users/andrue/devkitPro/libctru/lib/libctru.a(default_font.bin.o)
                0x0000000000121190                default_font_bin
                0x0000000000121990                default_font_bin_end
                0x0000000000121990                default_font_bin_size
 .rodata        0x0000000000121994       0x4d /Users/andrue/devkitPro/libctru/lib/libctru.a(soc_common.o)
 *fill*         0x00000000001219e1        0x3 
 .rodata        0x00000000001219e4       0x3c /Users/andrue/devkitPro/libctru/lib/libctru.a(sdmc_dev.o)
 *(.roda)
 *(.rodata.*)
 .rodata.str1.4
                0x0000000000121a20      0x159 main.o
 *fill*         0x0000000000121b79        0x3 
 .rodata.str1.4
                0x0000000000121b7c       0x70 /Users/andrue/devkitPro/libctru/lib/libctru.a(console.o)
 .rodata.str1.4
                0x0000000000121bec       0x15 /Users/andrue/devkitPro/libctru/lib/libctru.a(hid.o)
 *fill*         0x0000000000121c01        0x3 
 .rodata.str1.4
                0x0000000000121c04       0x16 /Users/andrue/devkitPro/libctru/lib/libctru.a(apt.o)
 *fill*         0x0000000000121c1a        0x2 
 .rodata.str1.4
                0x0000000000121c1c        0x9 /Users/andrue/devkitPro/libctru/lib/libctru.a(gspgpu.o)
 *fill*         0x0000000000121c25        0x3 
 .rodata.str1.4
                0x0000000000121c28        0x7 /Users/andrue/devkitPro/libctru/lib/libctru.a(irrst.o)
 *fill*         0x0000000000121c2f        0x1 
 .rodata.str1.4
                0x0000000000121c30        0x4 /Users/andrue/devkitPro/libctru/lib/libctru.a(soc_connect.o)
 .rodata.str1.4
                0x0000000000121c34        0x5 /Users/andrue/devkitPro/libctru/lib/libctru.a(soc_socket.o)
 *fill*         0x0000000000121c39        0x3 
 .rodata.str1.4
                0x0000000000121c3c        0x5 /Users/andrue/devkitPro/libctru/lib/libctru.a(srv.o)
 *fill*         0x0000000000121c41        0x3 
 .rodata.str1.4
                0x0000000000121c44        0x9 /Users/andrue/devkitPro/libctru/lib/libctru.a(ptmsysm.o)
 *fill*         0x0000000000121c4d        0x3 
 .rodata.str1.4
                0x0000000000121c50        0xd /Users/andrue/devkitPro/libctru/lib/libctru.a(sdmc_dev.o)
                                         0x11 (size before relaxing)
 *fill*         0x0000000000121c5d        0x3 
 .rodata.str1.4
                0x0000000000121c60        0x8 /Users/andrue/devkitPro/libctru/lib/libctru.a(fs.o)
                                          0x9 (size before relaxing)
 .rodata.str1.4
                0x0000000000121c68       0x48 /Users/andrue/devkitPro/devkitARM/bin/../lib/gcc/arm-none-eabi/6.3.0/../../../../arm-none-eabi/lib/armv6k/fpu/libg.a(lib_a-locale.o)
                                         0x4c (size before relaxing)
 .rodata._puts_r.str1.4
                0x0000000000121cb0       0x48 /Users/andrue/devkitPro/devkitARM/bin/../lib/gcc/arm-none-eabi/6.3.0/../../../../arm-none-eabi/lib/armv6k/fpu/libg.a(lib_a-puts.o)
                                          0x2 (size before relaxing)
 .rodata.__ssvfscanf_r.str1.4
                0x0000000000121cb0        0x5 /Users/andrue/devkitPro/devkitARM/bin/../lib/gcc/arm-none-eabi/6.3.0/../../../../arm-none-eabi/lib/armv6k/fpu/libg.a(lib_a-svfscanf.o)
 *fill*         0x0000000000121cb5        0x3 
 .rodata.basefix.8441
                0x0000000000121cb8       0x22 /Users/andrue/devkitPro/devkitARM/bin/../lib/gcc/arm-none-eabi/6.3.0/../../../../arm-none-eabi/lib/armv6k/fpu/libg.a(lib_a-svfscanf.o)
 *fill*         0x0000000000121cda        0x2 
 .rodata._vfprintf_r.str1.4
                0x0000000000121cdc       0x42 /Users/andrue/devkitPro/devkitARM/bin/../lib/gcc/arm-none-eabi/6.3.0/../../../../arm-none-eabi/lib/armv6k/fpu/libg.a(lib_a-vfprintf.o)
 *fill*         0x0000000000121d1e        0x2 
 .rodata.blanks.8415
                0x0000000000121d20       0x10 /Users/andrue/devkitPro/devkitARM/bin/../lib/gcc/arm-none-eabi/6.3.0/../../../../arm-none-eabi/lib/armv6k/fpu/libg.a(lib_a-vfprintf.o)
 .rodata.zeroes.8416
                0x0000000000121d30       0x10 /Users/andrue/devkitPro/devkitARM/bin/../lib/gcc/arm-none-eabi/6.3.0/../../../../arm-none-eabi/lib/armv6k/fpu/libg.a(lib_a-vfprintf.o)
 .rodata._ctype_
                0x0000000000121d40      0x101 /Users/andrue/devkitPro/devkitARM/bin/../lib/gcc/arm-none-eabi/6.3.0/../../../../arm-none-eabi/lib/armv6k/fpu/libg.a(lib_a-ctype_.o)
                0x0000000000121d40                _ctype_
 *fill*         0x0000000000121e41        0x3 
 .rodata._dtoa_r.str1.4
                0x0000000000121e44       0x10 /Users/andrue/devkitPro/devkitARM/bin/../lib/gcc/arm-none-eabi/6.3.0/../../../../arm-none-eabi/lib/armv6k/fpu/libg.a(lib_a-dtoa.o)
                                         0x12 (size before relaxing)
 .rodata._jp2uc.str1.4
                0x0000000000121e54       0x12 /Users/andrue/devkitPro/devkitARM/bin/../lib/gcc/arm-none-eabi/6.3.0/../../../../arm-none-eabi/lib/armv6k/fpu/libg.a(lib_a-jp2uc.o)
 *fill*         0x0000000000121e66        0x2 
 .rodata.a1     0x0000000000121e68       0xbc /Users/andrue/devkitPro/devkitARM/bin/../lib/gcc/arm-none-eabi/6.3.0/../../../../arm-none-eabi/lib/armv6k/fpu/libg.a(lib_a-jp2uc.o)
 .rodata.a2     0x0000000000121f24       0xbc /Users/andrue/devkitPro/devkitARM/bin/../lib/gcc/arm-none-eabi/6.3.0/../../../../arm-none-eabi/lib/armv6k/fpu/libg.a(lib_a-jp2uc.o)
 .rodata.a3     0x0000000000121fe0       0x5b /Users/andrue/devkitPro/devkitARM/bin/../lib/gcc/arm-none-eabi/6.3.0/../../../../arm-none-eabi/lib/armv6k/fpu/libg.a(lib_a-jp2uc.o)
 *fill*         0x000000000012203b        0x1 
 .rodata.a6     0x000000000012203c       0x70 /Users/andrue/devkitPro/devkitARM/bin/../lib/gcc/arm-none-eabi/6.3.0/../../../../arm-none-eabi/lib/armv6k/fpu/libg.a(lib_a-jp2uc.o)
 .rodata.a7     0x00000000001220ac       0xa2 /Users/andrue/devkitPro/devkitARM/bin/../lib/gcc/arm-none-eabi/6.3.0/../../../../arm-none-eabi/lib/armv6k/fpu/libg.a(lib_a-jp2uc.o)
 *fill*         0x000000000012214e        0x2 
 .rodata.a8     0x0000000000122150       0x40 /Users/andrue/devkitPro/devkitARM/bin/../lib/gcc/arm-none-eabi/6.3.0/../../../../arm-none-eabi/lib/armv6k/fpu/libg.a(lib_a-jp2uc.o)
 .rodata.b02cf  0x0000000000122190     0x172a /Users/andrue/devkitPro/devkitARM/bin/../lib/gcc/arm-none-eabi/6.3.0/../../../../arm-none-eabi/lib/armv6k/fpu/libg.a(lib_a-jp2uc.o)
 *fill*         0x00000000001238ba        0x2 
 .rodata.d02f4  0x00000000001238bc     0x1a7c /Users/andrue/devkitPro/devkitARM/bin/../lib/gcc/arm-none-eabi/6.3.0/../../../../arm-none-eabi/lib/armv6k/fpu/libg.a(lib_a-jp2uc.o)
 .rodata._mbrtowc_r.str1.4
                0x0000000000125338        0x1 /Users/andrue/devkitPro/devkitARM/bin/../lib/gcc/arm-none-eabi/6.3.0/../../../../arm-none-eabi/lib/armv6k/fpu/libg.a(lib_a-mbrtowc.o)
 .rodata.__mprec_bigtens
                0x0000000000125338       0x28 /Users/andrue/devkitPro/devkitARM/bin/../lib/gcc/arm-none-eabi/6.3.0/../../../../arm-none-eabi/lib/armv6k/fpu/libg.a(lib_a-mprec.o)
                0x0000000000125338                __mprec_bigtens
 .rodata.__mprec_tens
                0x0000000000125360       0xc8 /Users/andrue/devkitPro/devkitARM/bin/../lib/gcc/arm-none-eabi/6.3.0/../../../../arm-none-eabi/lib/armv6k/fpu/libg.a(lib_a-mprec.o)
                0x0000000000125360                __mprec_tens
 .rodata.p05.7191
                0x0000000000125428        0xc /Users/andrue/devkitPro/devkitARM/bin/../lib/gcc/arm-none-eabi/6.3.0/../../../../arm-none-eabi/lib/armv6k/fpu/libg.a(lib_a-mprec.o)
 .rodata._strtod_l.str1.4
                0x0000000000125434        0xf /Users/andrue/devkitPro/devkitARM/bin/../lib/gcc/arm-none-eabi/6.3.0/../../../../arm-none-eabi/lib/armv6k/fpu/libg.a(lib_a-strtod.o)
 *fill*         0x0000000000125443        0x1 
 .rodata.fpi.7277
                0x0000000000125444       0x14 /Users/andrue/devkitPro/devkitARM/bin/../lib/gcc/arm-none-eabi/6.3.0/../../../../arm-none-eabi/lib/armv6k/fpu/libg.a(lib_a-strtod.o)
 .rodata.fpinan.7313
                0x0000000000125458       0x14 /Users/andrue/devkitPro/devkitARM/bin/../lib/gcc/arm-none-eabi/6.3.0/../../../../arm-none-eabi/lib/armv6k/fpu/libg.a(lib_a-strtod.o)
 *fill*         0x000000000012546c        0x4 
 .rodata.tinytens
                0x0000000000125470       0x28 /Users/andrue/devkitPro/devkitARM/bin/../lib/gcc/arm-none-eabi/6.3.0/../../../../arm-none-eabi/lib/armv6k/fpu/libg.a(lib_a-strtod.o)
 .rodata.__action_table
                0x0000000000125498       0x6c /Users/andrue/devkitPro/devkitARM/bin/../lib/gcc/arm-none-eabi/6.3.0/../../../../arm-none-eabi/lib/armv6k/fpu/libg.a(lib_a-svfiprintf.o)
                0x0000000000125498                __action_table
 .rodata.__chclass
                0x0000000000125504      0x100 /Users/andrue/devkitPro/devkitARM/bin/../lib/gcc/arm-none-eabi/6.3.0/../../../../arm-none-eabi/lib/armv6k/fpu/libg.a(lib_a-svfiprintf.o)
                0x0000000000125504                __chclass
 .rodata.__state_table
                0x0000000000125604       0x6c /Users/andrue/devkitPro/devkitARM/bin/../lib/gcc/arm-none-eabi/6.3.0/../../../../arm-none-eabi/lib/armv6k/fpu/libg.a(lib_a-svfiprintf.o)
                0x0000000000125604                __state_table
 .rodata._svfprintf_r.str1.4
                0x0000000000125670       0x42 /Users/andrue/devkitPro/devkitARM/bin/../lib/gcc/arm-none-eabi/6.3.0/../../../../arm-none-eabi/lib/armv6k/fpu/libg.a(lib_a-svfprintf.o)
 .rodata.blanks.8400
                0x0000000000125670       0x10 /Users/andrue/devkitPro/devkitARM/bin/../lib/gcc/arm-none-eabi/6.3.0/../../../../arm-none-eabi/lib/armv6k/fpu/libg.a(lib_a-svfprintf.o)
 .rodata.zeroes.8401
                0x0000000000125680       0x10 /Users/andrue/devkitPro/devkitARM/bin/../lib/gcc/arm-none-eabi/6.3.0/../../../../arm-none-eabi/lib/armv6k/fpu/libg.a(lib_a-svfprintf.o)
 .rodata.__hexdig
                0x0000000000125690      0x100 /Users/andrue/devkitPro/devkitARM/bin/../lib/gcc/arm-none-eabi/6.3.0/../../../../arm-none-eabi/lib/armv6k/fpu/libg.a(lib_a-gdtoa-gethex.o)
                0x0000000000125690                __hexdig
 .rodata.AddDevice.str1.4
                0x0000000000125790        0x8 /Users/andrue/devkitPro/devkitARM/bin/../lib/gcc/arm-none-eabi/6.3.0/../../../../arm-none-eabi/lib/armv6k/fpu/libsysbase.a(iosupport.o)
 .rodata.dotab_stdnull
                0x0000000000125798       0x68 /Users/andrue/devkitPro/devkitARM/bin/../lib/gcc/arm-none-eabi/6.3.0/../../../../arm-none-eabi/lib/armv6k/fpu/libsysbase.a(iosupport.o)
                0x0000000000125798                dotab_stdnull
 .rodata.DIRECTORY_PARENT
                0x0000000000125800        0x3 /Users/andrue/devkitPro/devkitARM/bin/../lib/gcc/arm-none-eabi/6.3.0/../../../../arm-none-eabi/lib/armv6k/fpu/libsysbase.a(chdir.o)
                0x0000000000125800                DIRECTORY_PARENT
 *all.rodata*(*)
 *(.gnu.linkonce.r*)
                0x0000000000125804                . = ALIGN (0x4)
 *fill*         0x0000000000125803        0x1 

.eh_frame       0x0000000000125804        0x0
 .eh_frame      0x0000000000125804        0x0 /Users/andrue/devkitPro/devkitARM/bin/../lib/gcc/arm-none-eabi/6.3.0/armv6k/fpu/crtbegin.o

.rel.dyn        0x0000000000125804        0x0
 .rel.iplt      0x0000000000125804        0x0 /Users/andrue/devkitPro/devkitARM/bin/../lib/gcc/arm-none-eabi/6.3.0/../../../../arm-none-eabi/lib/armv6k/fpu/3dsx_crt0.o

.ARM.extab
 *(.ARM.extab* .gnu.linkonce.armextab.*)
                0x0000000000125804                __exidx_start = .

ARM.exidx
 *(.ARM.exidx* .gnu.linkonce.armexidx.*)
                0x0000000000125804                __exidx_end = .

.data           0x0000000000126000     0x2f4c
 *(.data)
 .data          0x0000000000126000        0xc /Users/andrue/devkitPro/libctru/lib/libctru.a(gfx.o)
 .data          0x000000000012600c       0x51 /Users/andrue/devkitPro/libctru/lib/libctru.a(console.o)
                0x000000000012600c                defaultConsole
                0x0000000000126058                currentConsole
 *fill*         0x000000000012605d        0x3 